Component: ARM Compiler 5.06 update 5 (build 528) Tool: armlink [4d35e2]

==============================================================================

Section Cross References

    main.o(i.assert_nrf_callback) refers to app_error_handler_keil.o(.emb_text) for app_error_handler
    main.o(i.ble_evt_handler) refers to nrf_log_frontend.o(i.nrf_log_frontend_std_0) for nrf_log_frontend_std_0
    main.o(i.ble_evt_handler) refers to bsp.o(i.bsp_indication_set) for bsp_indication_set
    main.o(i.ble_evt_handler) refers to app_error.o(i.app_error_handler_bare) for app_error_handler_bare
    main.o(i.ble_evt_handler) refers to nrf_ble_qwr.o(i.nrf_ble_qwr_conn_handle_assign) for nrf_ble_qwr_conn_handle_assign
    main.o(i.ble_evt_handler) refers to main.o(.data) for .data
    main.o(i.ble_evt_handler) refers to nrf_log_frontend.o(log_dynamic_data) for m_nrf_log_app_logs_data_dynamic
    main.o(i.ble_evt_handler) refers to main.o(.bss) for .bss
    main.o(i.ble_send_char) refers to segger_rtt_printf.o(i.SEGGER_RTT_printf) for SEGGER_RTT_printf
    main.o(i.ble_send_char) refers to ble_nus.o(i.ble_nus_data_send) for ble_nus_data_send
    main.o(i.ble_send_char) refers to app_error.o(i.app_error_handler_bare) for app_error_handler_bare
    main.o(i.ble_send_char) refers to main.o(.bss) for .bss
    main.o(i.ble_send_char) refers to main.o(.data) for .data
    main.o(i.ble_send_string) refers to segger_rtt_printf.o(i.SEGGER_RTT_printf) for SEGGER_RTT_printf
    main.o(i.ble_send_string) refers to strlen.o(.text) for strlen
    main.o(i.ble_send_string) refers to main.o(i.ble_send_char) for ble_send_char
    main.o(i.ble_send_string) refers to main.o(.data) for .data
    main.o(i.bsp_event_handler) refers to main.o(i.sleep_mode_enter) for sleep_mode_enter
    main.o(i.bsp_event_handler) refers to ble_advertising.o(i.ble_advertising_restart_without_whitelist) for ble_advertising_restart_without_whitelist
    main.o(i.bsp_event_handler) refers to app_error.o(i.app_error_handler_bare) for app_error_handler_bare
    main.o(i.bsp_event_handler) refers to segger_rtt_printf.o(i.SEGGER_RTT_printf) for SEGGER_RTT_printf
    main.o(i.bsp_event_handler) refers to main.o(i.ble_send_string) for ble_send_string
    main.o(i.bsp_event_handler) refers to main.o(.data) for .data
    main.o(i.bsp_event_handler) refers to main.o(.bss) for .bss
    main.o(i.conn_params_error_handler) refers to app_error.o(i.app_error_handler_bare) for app_error_handler_bare
    main.o(i.gatt_evt_handler) refers to nrf_log_frontend.o(i.nrf_log_frontend_std_2) for nrf_log_frontend_std_2
    main.o(i.gatt_evt_handler) refers to main.o(.data) for .data
    main.o(i.gatt_evt_handler) refers to nrf_log_frontend.o(log_dynamic_data) for m_nrf_log_app_logs_data_dynamic
    main.o(i.gatt_init) refers to nrf_ble_gatt.o(i.nrf_ble_gatt_init) for nrf_ble_gatt_init
    main.o(i.gatt_init) refers to app_error.o(i.app_error_handler_bare) for app_error_handler_bare
    main.o(i.gatt_init) refers to nrf_ble_gatt.o(i.nrf_ble_gatt_att_mtu_periph_set) for nrf_ble_gatt_att_mtu_periph_set
    main.o(i.gatt_init) refers to main.o(i.gatt_evt_handler) for gatt_evt_handler
    main.o(i.gatt_init) refers to main.o(.bss) for .bss
    main.o(i.main) refers to memcpya.o(.text) for __aeabi_memcpy4
    main.o(i.main) refers to app_uart_fifo.o(i.app_uart_init) for app_uart_init
    main.o(i.main) refers to app_error.o(i.app_error_handler_bare) for app_error_handler_bare
    main.o(i.main) refers to nrf_log_frontend.o(i.nrf_log_init) for nrf_log_init
    main.o(i.main) refers to nrf_log_default_backends.o(i.nrf_log_default_backends_init) for nrf_log_default_backends_init
    main.o(i.main) refers to app_timer.o(i.app_timer_init) for app_timer_init
    main.o(i.main) refers to bsp.o(i.bsp_init) for bsp_init
    main.o(i.main) refers to bsp_btn_ble.o(i.bsp_btn_ble_init) for bsp_btn_ble_init
    main.o(i.main) refers to nrf_pwr_mgmt.o(i.nrf_pwr_mgmt_init) for nrf_pwr_mgmt_init
    main.o(i.main) refers to nrf_sdh.o(i.nrf_sdh_enable_request) for nrf_sdh_enable_request
    main.o(i.main) refers to nrf_sdh_ble.o(i.nrf_sdh_ble_default_cfg_set) for nrf_sdh_ble_default_cfg_set
    main.o(i.main) refers to nrf_sdh_ble.o(i.nrf_sdh_ble_enable) for nrf_sdh_ble_enable
    main.o(i.main) refers to main.o(i.gatt_init) for gatt_init
    main.o(i.main) refers to nrf_ble_qwr.o(i.nrf_ble_qwr_init) for nrf_ble_qwr_init
    main.o(i.main) refers to ble_nus.o(i.ble_nus_init) for ble_nus_init
    main.o(i.main) refers to memseta.o(.text) for __aeabi_memclr4
    main.o(i.main) refers to ble_advertising.o(i.ble_advertising_init) for ble_advertising_init
    main.o(i.main) refers to ble_advertising.o(i.ble_advertising_conn_cfg_tag_set) for ble_advertising_conn_cfg_tag_set
    main.o(i.main) refers to ble_conn_params.o(i.ble_conn_params_init) for ble_conn_params_init
    main.o(i.main) refers to printfb.o(i.__0printf$bare) for __2printf
[...]
    _main_init                               0x00026209   Thumb Code     0  entry9a.o(.ARM.Collect$$$$0000000B)
    __rt_final_cpp                           0x00026211   Thumb Code     0  entry10a.o(.ARM.Collect$$$$0000000D)
    __rt_final_exit                          0x00026211   Thumb Code     0  entry11a.o(.ARM.Collect$$$$0000000F)
    __asm___12_nrf_atfifo_c_51f461e1__nrf_atfifo_wspace_req 0x00026215   Thumb Code    56  nrf_atfifo.o(.emb_text)
    __asm___12_nrf_atfifo_c_51f461e1__nrf_atfifo_wspace_close 0x0002624d   Thumb Code    18  nrf_atfifo.o(.emb_text)
    __asm___12_nrf_atfifo_c_51f461e1__nrf_atfifo_rspace_req 0x0002625f   Thumb Code    58  nrf_atfifo.o(.emb_text)
    __asm___12_nrf_atfifo_c_51f461e1__nrf_atfifo_rspace_close 0x00026299   Thumb Code    18  nrf_atfifo.o(.emb_text)
    __asm___12_nrf_atfifo_c_51f461e1__nrf_atfifo_space_clear 0x000262ab   Thumb Code    50  nrf_atfifo.o(.emb_text)
    __asm___12_nrf_atomic_c_85ca2469__nrf_atomic_internal_mov 0x000262dd   Thumb Code    24  nrf_atomic.o(.emb_text)
    __asm___12_nrf_atomic_c_85ca2469__nrf_atomic_internal_orr 0x000262f5   Thumb Code    26  nrf_atomic.o(.emb_text)
    __asm___12_nrf_atomic_c_85ca2469__nrf_atomic_internal_and 0x0002630f   Thumb Code    26  nrf_atomic.o(.emb_text)
    __asm___12_nrf_atomic_c_85ca2469__nrf_atomic_internal_eor 0x00026329   Thumb Code    26  nrf_atomic.o(.emb_text)
    __asm___12_nrf_atomic_c_85ca2469__nrf_atomic_internal_add 0x00026343   Thumb Code    26  nrf_atomic.o(.emb_text)
    __asm___12_nrf_atomic_c_85ca2469__nrf_atomic_internal_sub 0x0002635d   Thumb Code    26  nrf_atomic.o(.emb_text)
    __asm___12_nrf_atomic_c_85ca2469__nrf_atomic_internal_cmp_exch 0x00026377   Thumb Code    42  nrf_atomic.o(.emb_text)
    __asm___12_nrf_atomic_c_85ca2469__nrf_atomic_internal_sub_hs 0x000263a1   Thumb Code    30  nrf_atomic.o(.emb_text)
    Reset_Handler                            0x000263c1   Thumb Code     8  arm_startup_nrf52.o(.text)
    NMI_Handler                              0x000263c9   Thumb Code     2  arm_startup_nrf52.o(.text)
    HardFault_Handler                        0x000263cb   Thumb Code     2  arm_startup_nrf52.o(.text)
    MemoryManagement_Handler                 0x000263cd   Thumb Code     2  arm_startup_nrf52.o(.text)
    BusFault_Handler                         0x000263cf   Thumb Code     2  arm_startup_nrf52.o(.text)
    UsageFault_Handler                       0x000263d1   Thumb Code     2  arm_startup_nrf52.o(.text)
    SVC_Handler                              0x000263d3   Thumb Code     2  arm_startup_nrf52.o(.text)
    DebugMon_Handler                         0x000263d5   Thumb Code     2  arm_startup_nrf52.o(.text)
    PendSV_Handler                           0x000263d7   Thumb Code     2  arm_startup_nrf52.o(.text)
    SysTick_Handler                          0x000263d9   Thumb Code     2  arm_startup_nrf52.o(.text)
    CCM_AAR_IRQHandler                       0x000263db   Thumb Code     0  arm_startup_nrf52.o(.text)
    COMP_LPCOMP_IRQHandler                   0x000263db   Thumb Code     0  arm_startup_nrf52.o(.text)
    ECB_IRQHandler                           0x000263db   Thumb Code     0  arm_startup_nrf52.o(.text)
    FPU_IRQHandler                           0x000263db   Thumb Code     0  arm_startup_nrf52.o(.text)
    I2S_IRQHandler                           0x000263db   Thumb Code     0  arm_startup_nrf52.o(.text)
    MWU_IRQHandler                           0x000263db   Thumb Code     0  arm_startup_nrf52.o(.text)
    NFCT_IRQHandler                          0x000263db   Thumb Code     0  arm_startup_nrf52.o(.text)
    PDM_IRQHandler                           0x000263db   Thumb Code     0  arm_startup_nrf52.o(.text)
    PWM0_IRQHandler                          0x000263db   Thumb Code     0  arm_startup_nrf52.o(.text)
    PWM1_IRQHandler                          0x000263db   Thumb Code     0  arm_startup_nrf52.o(.text)
    PWM2_IRQHandler                          0x000263db   Thumb Code     0  arm_startup_nrf52.o(.text)
    QDEC_IRQHandler                          0x000263db   Thumb Code     0  arm_startup_nrf52.o(.text)
    RADIO_IRQHandler                         0x000263db   Thumb Code     0  arm_startup_nrf52.o(.text)
    RNG_IRQHandler                           0x000263db   Thumb Code     0  arm_startup_nrf52.o(.text)
    RTC0_IRQHandler                          0x000263db   Thumb Code     0  arm_startup_nrf52.o(.text)
    RTC2_IRQHandler                          0x000263db   Thumb Code     0  arm_startup_nrf52.o(.text)
    SAADC_IRQHandler                         0x000263db   Thumb Code     0  arm_startup_nrf52.o(.text)
    SPIM0_SPIS0_TWIM0_TWIS0_SPI0_TWI0_IRQHandler 0x000263db   Thumb Code     0  arm_startup_nrf52.o(.text)
    SPIM1_SPIS1_TWIM1_TWIS1_SPI1_TWI1_IRQHandler 0x000263db   Thumb Code     0  arm_startup_nrf52.o(.text)
    SPIM2_SPIS2_SPI2_IRQHandler              0x000263db   Thumb Code     0  arm_startup_nrf52.o(.text)
    SWI1_EGU1_IRQHandler                     0x000263db   Thumb Code     0  arm_startup_nrf52.o(.text)
    SWI3_EGU3_IRQHandler                     0x000263db   Thumb Code     0  arm_startup_nrf52.o(.text)
    SWI4_EGU4_IRQHandler                     0x000263db   Thumb Code     0  arm_startup_nrf52.o(.text)
    SWI5_EGU5_IRQHandler                     0x000263db   Thumb Code     0  arm_startup_nrf52.o(.text)
    TEMP_IRQHandler                          0x000263db   Thumb Code     0  arm_startup_nrf52.o(.text)
    TIMER0_IRQHandler                        0x000263db   Thumb Code     0  arm_startup_nrf52.o(.text)
    TIMER1_IRQHandler                        0x000263db   Thumb Code     0  arm_startup_nrf52.o(.text)
    TIMER2_IRQHandler                        0x000263db   Thumb Code     0  arm_startup_nrf52.o(.text)
    TIMER3_IRQHandler                        0x000263db   Thumb Code     0  arm_startup_nrf52.o(.text)
    TIMER4_IRQHandler                        0x000263db   Thumb Code     0  arm_startup_nrf52.o(.text)
    WDT_IRQHandler                           0x000263db   Thumb Code     0  arm_startup_nrf52.o(.text)
    __aeabi_uldivmod                         0x000263e5   Thumb Code    98  uldiv.o(.text)
    __aeabi_llsl                             0x00026447   Thumb Code    30  llshl.o(.text)
    _ll_shift_l                              0x00026447   Thumb Code     0  llshl.o(.text)
    __rt_ctype_table                         0x00026465   Thumb Code     4  ctype_o.o(.text)
    __aeabi_memcpy                           0x0002646d   Thumb Code    36  memcpya.o(.text)
    __aeabi_memcpy4                          0x0002646d   Thumb Code     0  memcpya.o(.text)
    __aeabi_memcpy8                          0x0002646d   Thumb Code     0  memcpya.o(.text)
    __aeabi_memset                           0x00026491   Thumb Code    14  memseta.o(.text)
    __aeabi_memset4                          0x00026491   Thumb Code     0  memseta.o(.text)
    __aeabi_memset8                          0x00026491   Thumb Code     0  memseta.o(.text)
    __aeabi_memclr                           0x0002649f   Thumb Code     4  memseta.o(.text)
    __aeabi_memclr4                          0x0002649f   Thumb Code     0  memseta.o(.text)
    __aeabi_memclr8                          0x0002649f   Thumb Code     0  memseta.o(.text)
    _memset$wrapper                          0x000264a3   Thumb Code    18  memseta.o(.text)
    strlen                                   0x000264b5   Thumb Code    14  strlen.o(.text)
    strcmp                                   0x000264c3   Thumb Code    28  strcmp.o(.text)
    strcpy                                   0x000264df   Thumb Code    18  strcpy.o(.text)
    __aeabi_llsr                             0x000264f1   Thumb Code    32  llushr.o(.text)
    _ll_ushift_r                             0x000264f1   Thumb Code     0  llushr.o(.text)
    __scatterload                            0x00026511   Thumb Code    28  init.o(.text)
    __scatterload_rt2                        0x00026511   Thumb Code     0  init.o(.text)
    __decompress                             0x00026535   Thumb Code     0  __dczerorl2.o(.text)
    __decompress1                            0x00026535   Thumb Code    86  __dczerorl2.o(.text)
    GPIOTE_IRQHandler                        0x0002658d   Thumb Code   346  nrfx_gpiote.o(i.GPIOTE_IRQHandler)
    POWER_CLOCK_IRQHandler                   0x00026755   Thumb Code    82  nrfx_clock.o(i.POWER_CLOCK_IRQHandler)
    RTC1_IRQHandler                          0x000267ad   Thumb Code    32  app_timer.o(i.RTC1_IRQHandler)
    SEGGER_RTT_Init                          0x000267d1   Thumb Code     4  segger_rtt.o(i.SEGGER_RTT_Init)
    SEGGER_RTT_Write                         0x000267d5   Thumb Code    54  segger_rtt.o(i.SEGGER_RTT_Write)
    SEGGER_RTT_WriteNoLock                   0x00026811   Thumb Code    86  segger_rtt.o(i.SEGGER_RTT_WriteNoLock)
    SEGGER_RTT_printf                        0x0002686d   Thumb Code    22  segger_rtt_printf.o(i.SEGGER_RTT_printf)
    SEGGER_RTT_vprintf                       0x00026883   Thumb Code   406  segger_rtt_printf.o(i.SEGGER_RTT_vprintf)
    SWI0_EGU0_IRQHandler                     0x00026a19   Thumb Code     4  app_timer.o(i.SWI0_EGU0_IRQHandler)
    SWI2_EGU2_IRQHandler                     0x00026a1d   Thumb Code     4  nrf_sdh.o(i.SWI2_EGU2_IRQHandler)
    SystemInit                               0x00026a21   Thumb Code   726  system_nrf52.o(i.SystemInit)
    UARTE0_UART0_IRQHandler                  0x00026d3d   Thumb Code     6  nrfx_prs.o(i.UARTE0_UART0_IRQHandler)
    __0printf$bare                           0x00027041   Thumb Code     8  printfb.o(i.__0printf$bare)
    __1printf$bare                           0x00027041   Thumb Code     0  printfb.o(i.__0printf$bare)
    __2printf                                0x00027041   Thumb Code     0  printfb.o(i.__0printf$bare)
    __scatterload_copy                       0x00027051   Thumb Code    14  handlers.o(i.__scatterload_copy)
    __scatterload_null                       0x0002705f   Thumb Code     2  handlers.o(i.__scatterload_null)
    __scatterload_zeroinit                   0x00027061   Thumb Code    14  handlers.o(i.__scatterload_zeroinit)
    app_button_enable                        0x00027109   Thumb Code    32  app_button.o(i.app_button_enable)
    app_button_init                          0x0002712d   Thumb Code   102  app_button.o(i.app_button_init)
    app_error_fault_handler                  0x000271a5   Thumb Code    84  app_error_weak.o(i.app_error_fault_handler)
    app_error_handler_bare                   0x00027221   Thumb Code    22  app_error.o(i.app_error_handler_bare)
    app_fifo_get                             0x00027237   Thumb Code    22  app_fifo.o(i.app_fifo_get)
    app_fifo_init                            0x0002724d   Thumb Code    32  app_fifo.o(i.app_fifo_init)
    app_fifo_put                             0x0002726d   Thumb Code    26  app_fifo.o(i.app_fifo_put)
    app_timer_create                         0x00027289   Thumb Code    32  app_timer.o(i.app_timer_create)
    app_timer_init                           0x000272ad   Thumb Code    70  app_timer.o(i.app_timer_init)
    app_timer_start                          0x00027301   Thumb Code   128  app_timer.o(i.app_timer_start)
    app_timer_stop                           0x00027389   Thumb Code    26  app_timer.o(i.app_timer_stop)
    app_uart_get                             0x000273a9   Thumb Code    42  app_uart_fifo.o(i.app_uart_get)
    app_uart_init                            0x000273dd   Thumb Code   148  app_uart_fifo.o(i.app_uart_init)
    app_uart_put                             0x00027481   Thumb Code    70  app_uart_fifo.o(i.app_uart_put)
    app_util_critical_region_enter           0x000274d5   Thumb Code    64  app_util_platform.o(i.app_util_critical_region_enter)
    app_util_critical_region_exit            0x0002751d   Thumb Code    46  app_util_platform.o(i.app_util_critical_region_exit)
    blcm_link_ctx_get                        0x00027661   Thumb Code    72  ble_link_ctx_manager.o(i.blcm_link_ctx_get)
    ble_advdata_encode                       0x000276a9   Thumb Code   386  ble_advdata.o(i.ble_advdata_encode)
    ble_advdata_parse                        0x0002782b   Thumb Code    32  ble_advdata.o(i.ble_advdata_parse)
    ble_advdata_search                       0x0002784b   Thumb Code    56  ble_advdata.o(i.ble_advdata_search)
    ble_advertising_conn_cfg_tag_set         0x00027883   Thumb Code     6  ble_advertising.o(i.ble_advertising_conn_cfg_tag_set)
    ble_advertising_init                     0x00027889   Thumb Code   250  ble_advertising.o(i.ble_advertising_init)
    ble_advertising_on_ble_evt               0x00027983   Thumb Code   106  ble_advertising.o(i.ble_advertising_on_ble_evt)
    ble_advertising_on_sys_evt               0x000279ed   Thumb Code    48  ble_advertising.o(i.ble_advertising_on_sys_evt)
    ble_advertising_restart_without_whitelist 0x00027a1d   Thumb Code    58  ble_advertising.o(i.ble_advertising_restart_without_whitelist)
    ble_advertising_start                    0x00027a57   Thumb Code   566  ble_advertising.o(i.ble_advertising_start)
    ble_conn_params_init                     0x00027c8d   Thumb Code    90  ble_conn_params.o(i.ble_conn_params_init)
    ble_conn_state_conn_idx                  0x00027cf5   Thumb Code    18  ble_conn_state.o(i.ble_conn_state_conn_idx)
    ble_conn_state_valid                     0x00027d09   Thumb Code    16  ble_conn_state.o(i.ble_conn_state_valid)
    ble_nus_data_send                        0x000280bd   Thumb Code   102  ble_nus.o(i.ble_nus_data_send)
    ble_nus_init                             0x00028125   Thumb Code    84  ble_nus.o(i.ble_nus_init)
    ble_nus_on_ble_evt                       0x0002817d   Thumb Code   112  ble_nus.o(i.ble_nus_on_ble_evt)
    ble_send_char                            0x000281ed   Thumb Code    86  main.o(i.ble_send_char)
    ble_send_string                          0x00028269   Thumb Code    74  main.o(i.ble_send_string)
    ble_srv_is_notification_enabled          0x000282d1   Thumb Code     8  ble_srv_common.o(i.ble_srv_is_notification_enabled)
    bsp_board_button_idx_to_pin              0x000282d9   Thumb Code     6  boards.o(i.bsp_board_button_idx_to_pin)
    bsp_board_button_state_get               0x000282e5   Thumb Code    28  boards.o(i.bsp_board_button_state_get)
    bsp_board_init                           0x00028305   Thumb Code    80  boards.o(i.bsp_board_init)
    bsp_board_led_invert                     0x00028359   Thumb Code    32  boards.o(i.bsp_board_led_invert)
    bsp_board_led_off                        0x0002837d   Thumb Code    10  boards.o(i.bsp_board_led_off)
    bsp_board_led_on                         0x0002838d   Thumb Code    10  boards.o(i.bsp_board_led_on)
    bsp_board_led_state_get                  0x0002839d   Thumb Code    28  boards.o(i.bsp_board_led_state_get)
    bsp_board_leds_off                       0x000283bd   Thumb Code    18  boards.o(i.bsp_board_leds_off)
    bsp_board_leds_on                        0x000283cf   Thumb Code    18  boards.o(i.bsp_board_leds_on)
    bsp_board_pin_to_button_idx              0x000283e1   Thumb Code    30  boards.o(i.bsp_board_pin_to_button_idx)
    bsp_btn_ble_init                         0x00028405   Thumb Code    52  bsp_btn_ble.o(i.bsp_btn_ble_init)
    bsp_btn_ble_sleep_mode_prepare           0x0002843d   Thumb Code    30  bsp_btn_ble.o(i.bsp_btn_ble_sleep_mode_prepare)
    bsp_button_is_pressed                    0x000284ed   Thumb Code    12  bsp.o(i.bsp_button_is_pressed)
    bsp_event_handler                        0x000284f9   Thumb Code   102  main.o(i.bsp_event_handler)
    bsp_event_to_button_action_assign        0x000285bd   Thumb Code    64  bsp.o(i.bsp_event_to_button_action_assign)
    bsp_indication_set                       0x00028601   Thumb Code    20  bsp.o(i.bsp_indication_set)
    bsp_init                                 0x00028619   Thumb Code   128  bsp.o(i.bsp_init)
    bsp_wakeup_button_enable                 0x00028865   Thumb Code     6  bsp.o(i.bsp_wakeup_button_enable)
    buffer_is_empty                          0x0002891d   Thumb Code    16  nrf_log_frontend.o(i.buffer_is_empty)
    conn_handle_list_get                     0x00028a9d   Thumb Code    62  ble_conn_state.o(i.conn_handle_list_get)
    fputc                                    0x00028dfb   Thumb Code    14  retarget.o(i.fputc)
    gatt_evt_handler                         0x00028e09   Thumb Code    48  main.o(i.gatt_evt_handler)
    gatt_init                                0x00028e5d   Thumb Code    38  main.o(i.gatt_init)
    main                                     0x000292cd   Thumb Code   478  main.o(i.main)
    nrf_atfifo_item_free                     0x000296e5   Thumb Code    22  nrf_atfifo.o(i.nrf_atfifo_item_free)
    nrf_atfifo_item_get                      0x000296fb   Thumb Code    22  nrf_atfifo.o(i.nrf_atfifo_item_get)
    nrf_atflags_clear                        0x00029711   Thumb Code    22  nrf_atflags.o(i.nrf_atflags_clear)
    nrf_atflags_get                          0x00029727   Thumb Code    22  nrf_atflags.o(i.nrf_atflags_get)
    nrf_atflags_set                          0x0002973d   Thumb Code    20  nrf_atflags.o(i.nrf_atflags_set)
    nrf_atomic_flag_clear_fetch              0x00029751   Thumb Code     6  nrf_atomic.o(i.nrf_atomic_flag_clear_fetch)
    nrf_atomic_flag_set                      0x00029757   Thumb Code     6  nrf_atomic.o(i.nrf_atomic_flag_set)
    nrf_atomic_u32_add                       0x0002975d   Thumb Code    12  nrf_atomic.o(i.nrf_atomic_u32_add)
    nrf_atomic_u32_and                       0x00029769   Thumb Code    12  nrf_atomic.o(i.nrf_atomic_u32_and)
    nrf_atomic_u32_fetch_and                 0x00029775   Thumb Code    10  nrf_atomic.o(i.nrf_atomic_u32_fetch_and)
    nrf_atomic_u32_fetch_store               0x0002977f   Thumb Code    10  nrf_atomic.o(i.nrf_atomic_u32_fetch_store)
    nrf_atomic_u32_or                        0x00029789   Thumb Code    12  nrf_atomic.o(i.nrf_atomic_u32_or)
    nrf_atomic_u32_sub                       0x00029795   Thumb Code    12  nrf_atomic.o(i.nrf_atomic_u32_sub)
    nrf_balloc_alloc                         0x000297a1   Thumb Code    68  nrf_balloc.o(i.nrf_balloc_alloc)
    nrf_balloc_free                          0x000297e5   Thumb Code    48  nrf_balloc.o(i.nrf_balloc_free)
    nrf_balloc_init                          0x00029815   Thumb Code    48  nrf_balloc.o(i.nrf_balloc_init)
    nrf_ble_gatt_att_mtu_periph_set          0x00029869   Thumb Code    24  nrf_ble_gatt.o(i.nrf_ble_gatt_att_mtu_periph_set)
    nrf_ble_gatt_init                        0x00029881   Thumb Code    34  nrf_ble_gatt.o(i.nrf_ble_gatt_init)
    nrf_ble_gatt_on_ble_evt                  0x000298a5   Thumb Code   266  nrf_ble_gatt.o(i.nrf_ble_gatt_on_ble_evt)
    nrf_ble_qwr_conn_handle_assign           0x000299ed   Thumb Code    22  nrf_ble_qwr.o(i.nrf_ble_qwr_conn_handle_assign)
    nrf_ble_qwr_init                         0x00029a03   Thumb Code    36  nrf_ble_qwr.o(i.nrf_ble_qwr_init)
    nrf_ble_qwr_on_ble_evt                   0x00029a27   Thumb Code   182  nrf_ble_qwr.o(i.nrf_ble_qwr_on_ble_evt)
    nrf_drv_clock_init                       0x00029afd   Thumb Code    48  nrf_drv_clock.o(i.nrf_drv_clock_init)
    nrf_drv_clock_lfclk_release              0x00029b35   Thumb Code    42  nrf_drv_clock.o(i.nrf_drv_clock_lfclk_release)
    nrf_drv_uart_init                        0x00029b65   Thumb Code    90  nrf_drv_uart.o(i.nrf_drv_uart_init)
    nrf_fprintf                              0x00029c0d   Thumb Code    26  nrf_fprintf.o(i.nrf_fprintf)
    nrf_fprintf_buffer_flush                 0x00029c27   Thumb Code    24  nrf_fprintf.o(i.nrf_fprintf_buffer_flush)
    nrf_fprintf_fmt                          0x00029c3f   Thumb Code   474  nrf_fprintf_format.o(i.nrf_fprintf_fmt)
    nrf_fstorage_is_busy                     0x00029e19   Thumb Code    70  nrf_fstorage.o(i.nrf_fstorage_is_busy)
    nrf_fstorage_sdh_req_handler             0x00029e69   Thumb Code    18  nrf_fstorage_sd.o(i.nrf_fstorage_sdh_req_handler)
    nrf_fstorage_sdh_state_handler           0x00029e81   Thumb Code    28  nrf_fstorage_sd.o(i.nrf_fstorage_sdh_state_handler)
    nrf_fstorage_sys_evt_handler             0x00029ea1   Thumb Code   154  nrf_fstorage_sd.o(i.nrf_fstorage_sys_evt_handler)
    nrf_log_backend_add                      0x0002a0a5   Thumb Code    74  nrf_log_frontend.o(i.nrf_log_backend_add)
    nrf_log_backend_rtt_init                 0x0002a0f7   Thumb Code     4  nrf_log_backend_rtt.o(i.nrf_log_backend_rtt_init)
    nrf_log_backend_serial_put               0x0002a115   Thumb Code   200  nrf_log_backend_serial.o(i.nrf_log_backend_serial_put)
    nrf_log_color_id_get                     0x0002a1dd   Thumb Code    42  nrf_log_frontend.o(i.nrf_log_color_id_get)
    nrf_log_default_backends_init            0x0002a20d   Thumb Code    22  nrf_log_default_backends.o(i.nrf_log_default_backends_init)
    nrf_log_frontend_dequeue                 0x0002a229   Thumb Code   510  nrf_log_frontend.o(i.nrf_log_frontend_dequeue)
    nrf_log_frontend_std_0                   0x0002a449   Thumb Code     8  nrf_log_frontend.o(i.nrf_log_frontend_std_0)
    nrf_log_frontend_std_1                   0x0002a451   Thumb Code    14  nrf_log_frontend.o(i.nrf_log_frontend_std_1)
    nrf_log_frontend_std_2                   0x0002a45f   Thumb Code    16  nrf_log_frontend.o(i.nrf_log_frontend_std_2)
    nrf_log_hexdump_entry_process            0x0002a471   Thumb Code   146  nrf_log_str_formatter.o(i.nrf_log_hexdump_entry_process)
    nrf_log_init                             0x0002a51d   Thumb Code    66  nrf_log_frontend.o(i.nrf_log_init)
    nrf_log_module_cnt_get                   0x0002a575   Thumb Code    10  nrf_log_frontend.o(i.nrf_log_module_cnt_get)
    nrf_log_module_name_get                  0x0002a589   Thumb Code    24  nrf_log_frontend.o(i.nrf_log_module_name_get)
    nrf_log_panic                            0x0002a5a5   Thumb Code    34  nrf_log_frontend.o(i.nrf_log_panic)
    nrf_log_std_entry_process                0x0002a5cd   Thumb Code   182  nrf_log_str_formatter.o(i.nrf_log_std_entry_process)
    nrf_memobj_alloc                         0x0002a683   Thumb Code    96  nrf_memobj.o(i.nrf_memobj_alloc)
    nrf_memobj_free                          0x0002a6e3   Thumb Code    50  nrf_memobj.o(i.nrf_memobj_free)
    nrf_memobj_get                           0x0002a715   Thumb Code     8  nrf_memobj.o(i.nrf_memobj_get)
    nrf_memobj_pool_init                     0x0002a71d   Thumb Code     4  nrf_memobj.o(i.nrf_memobj_pool_init)
    nrf_memobj_put                           0x0002a721   Thumb Code    30  nrf_memobj.o(i.nrf_memobj_put)
    nrf_memobj_read                          0x0002a73f   Thumb Code    12  nrf_memobj.o(i.nrf_memobj_read)
    nrf_memobj_write                         0x0002a74b   Thumb Code    12  nrf_memobj.o(i.nrf_memobj_write)
    nrf_pwr_mgmt_init                        0x0002a759   Thumb Code    28  nrf_pwr_mgmt.o(i.nrf_pwr_mgmt_init)
    nrf_sdh_ble_app_ram_start_get            0x0002a785   Thumb Code    16  nrf_sdh_ble.o(i.nrf_sdh_ble_app_ram_start_get)
    nrf_sdh_ble_default_cfg_set              0x0002a799   Thumb Code   312  nrf_sdh_ble.o(i.nrf_sdh_ble_default_cfg_set)
    nrf_sdh_ble_enable                       0x0002a8ed   Thumb Code   116  nrf_sdh_ble.o(i.nrf_sdh_ble_enable)
    nrf_sdh_disable_request                  0x0002aa79   Thumb Code    80  nrf_sdh.o(i.nrf_sdh_disable_request)
    nrf_sdh_enable_request                   0x0002aacd   Thumb Code   130  nrf_sdh.o(i.nrf_sdh_enable_request)
    nrf_sdh_evts_poll                        0x0002ab5d   Thumb Code    32  nrf_sdh.o(i.nrf_sdh_evts_poll)
    nrf_sdh_is_enabled                       0x0002ab81   Thumb Code     6  nrf_sdh.o(i.nrf_sdh_is_enabled)
    nrf_sdh_request_continue                 0x0002ab8d   Thumb Code    22  nrf_sdh.o(i.nrf_sdh_request_continue)
    nrf_section_iter_init                    0x0002abe5   Thumb Code    10  nrf_section_iter.o(i.nrf_section_iter_init)
    nrf_section_iter_next                    0x0002ac13   Thumb Code    32  nrf_section_iter.o(i.nrf_section_iter_next)
    nrf_strerror_find                        0x0002ac35   Thumb Code    52  nrf_strerror.o(i.nrf_strerror_find)
    nrf_strerror_get                         0x0002ac6d   Thumb Code    14  nrf_strerror.o(i.nrf_strerror_get)
    nrfx_clock_enable                        0x0002acb9   Thumb Code    36  nrfx_clock.o(i.nrfx_clock_enable)
    nrfx_clock_init                          0x0002ace5   Thumb Code    26  nrfx_clock.o(i.nrfx_clock_init)
    nrfx_clock_lfclk_stop                    0x0002ad05   Thumb Code    20  nrfx_clock.o(i.nrfx_clock_lfclk_stop)
    nrfx_gpiote_in_event_enable              0x0002ad31   Thumb Code   156  nrfx_gpiote.o(i.nrfx_gpiote_in_event_enable)
    nrfx_gpiote_in_init                      0x0002add5   Thumb Code   194  nrfx_gpiote.o(i.nrfx_gpiote_in_init)
    nrfx_gpiote_in_is_set                    0x0002aea5   Thumb Code    20  nrfx_gpiote.o(i.nrfx_gpiote_in_is_set)
    nrfx_gpiote_init                         0x0002aeb9   Thumb Code    98  nrfx_gpiote.o(i.nrfx_gpiote_init)
    nrfx_gpiote_is_init                      0x0002af29   Thumb Code    14  nrfx_gpiote.o(i.nrfx_gpiote_is_init)
    nrfx_prs_acquire                         0x0002af4d   Thumb Code    58  nrfx_prs.o(i.nrfx_prs_acquire)
    nrfx_uart_0_irq_handler                  0x0002af89   Thumb Code     8  nrfx_uart.o(i.nrfx_uart_0_irq_handler)
    nrfx_uart_init                           0x0002af99   Thumb Code   200  nrfx_uart.o(i.nrfx_uart_init)
    nrfx_uart_rx                             0x0002b06d   Thumb Code   230  nrfx_uart.o(i.nrfx_uart_rx)
    nrfx_uart_tx                             0x0002b159   Thumb Code   160  nrfx_uart.o(i.nrfx_uart_tx)
    nrfx_uart_tx_in_progress                 0x0002b1fd   Thumb Code    26  nrfx_uart.o(i.nrfx_uart_tx_in_progress)
    nrfx_uarte_0_irq_handler                 0x0002b21d   Thumb Code     8  nrfx_uarte.o(i.nrfx_uarte_0_irq_handler)
    nrfx_uarte_init                          0x0002b22d   Thumb Code   100  nrfx_uarte.o(i.nrfx_uarte_init)
    nrfx_uarte_rx                            0x0002b299   Thumb Code   256  nrfx_uarte.o(i.nrfx_uarte_rx)
    nrfx_uarte_tx                            0x0002b39d   Thumb Code   138  nrfx_uarte.o(i.nrfx_uarte_tx)
    nrfx_uarte_tx_in_progress                0x0002b42d   Thumb Code    22  nrfx_uarte.o(i.nrfx_uarte_tx_in_progress)
    uart_event_handle                        0x0002c111   Thumb Code   114  main.o(i.uart_event_handle)
    nrf_log_backend_rtt_api                  0x0002c998   Data          12  nrf_log_backend_rtt.o(.constdata)
    m_ram_start                              0x0002ca40   Data           4  nrf_sdh_ble.o(.constdata)
    __ctype_table                            0x0002ca6c   Data         129  ctype_o.o(.constdata)
    Region$$Table$$Base                      0x0002d264   Number         0  anon$$obj.o(Region$$Table)
    Region$$Table$$Limit                     0x0002d284   Number         0  anon$$obj.o(Region$$Table)
    log_const_data$$Base                     0x0002d284   Number         0  nrf_ble_gatt.o(log_const_data)
    m_nrf_log_nrf_ble_gatt_logs_data_const   0x0002d284   Data           8  nrf_ble_gatt.o(log_const_data)
    m_nrf_log_ble_nus_logs_data_const        0x0002d28c   Data           8  ble_nus.o(log_const_data)
    m_nrf_log_clock_logs_data_const          0x0002d294   Data           8  nrf_drv_clock.o(log_const_data)
    m_nrf_log_CLOCK_logs_data_const          0x0002d29c   Data           8  nrfx_clock.o(log_const_data)
    m_nrf_log_GPIOTE_logs_data_const         0x0002d2a4   Data           8  nrfx_gpiote.o(log_const_data)
    m_nrf_log_PRS_logs_data_const            0x0002d2ac   Data           8  nrfx_prs.o(log_const_data)
    m_nrf_log_UART_logs_data_const           0x0002d2b4   Data           8  nrfx_uart.o(log_const_data)
    m_nrf_log_UARTE_logs_data_const          0x0002d2bc   Data           8  nrfx_uarte.o(log_const_data)
    m_nrf_log_nrf_fstorage_logs_data_const   0x0002d2c4   Data           8  nrf_fstorage.o(log_const_data)
    m_nrf_log_atfifo_m_fifo_logs_data_const  0x0002d2cc   Data           8  nrf_fstorage_sd.o(log_const_data)
    m_nrf_log_pwr_mgmt_logs_data_const       0x0002d2d4   Data           8  nrf_pwr_mgmt.o(log_const_data)
    m_nrf_log_balloc_log_mempool_logs_data_const 0x0002d2dc   Data           8  nrf_log_frontend.o(log_const_data)
    m_nrf_log_app_logs_data_const            0x0002d2e4   Data           8  nrf_log_frontend.o(log_const_data)
    m_nrf_log_nrf_sdh_logs_data_const        0x0002d2ec   Data           8  nrf_sdh.o(log_const_data)
    m_nrf_log_nrf_sdh_ble_logs_data_const    0x0002d2f4   Data           8  nrf_sdh_ble.o(log_const_data)
    m_nrf_log_nrf_sdh_soc_logs_data_const    0x0002d2fc   Data           8  nrf_sdh_soc.o(log_const_data)
    log_const_data$$Limit                    0x0002d304   Number         0  nrf_sdh_soc.o(log_const_data)
    log_mempool                              0x0002d304   Data          24  nrf_log_frontend.o(nrf_balloc)
    sdh_ble_observers0$$Base                 0x0002d31c   Number         0  ble_conn_state.o(sdh_ble_observers0)
    sdh_ble_observers0$$Limit                0x0002d324   Number         0  ble_conn_state.o(sdh_ble_observers0)
    sdh_ble_observers1$$Base                 0x0002d324   Number         0  main.o(sdh_ble_observers1)
    sdh_ble_observers1$$Limit                0x0002d344   Number         0  ble_conn_params.o(sdh_ble_observers1)
    sdh_ble_observers2$$Base                 0x0002d344   Number         0  main.o(sdh_ble_observers2)
    sdh_ble_observers2$$Limit                0x0002d354   Number         0  main.o(sdh_ble_observers2)
    sdh_ble_observers3$$Base                 0x0002d354   Number         0  main.o(sdh_ble_observers3)
    m_req_obs                                0x0002d35c   Data           8  nrf_fstorage_sd.o(sdh_req_observers0)
    sdh_ble_observers3$$Limit                0x0002d35c   Number         0  main.o(sdh_ble_observers3)
    sdh_req_observers0$$Base                 0x0002d35c   Number         0  nrf_fstorage_sd.o(sdh_req_observers0)
    sdh_req_observers0$$Limit                0x0002d364   Number         0  nrf_fstorage_sd.o(sdh_req_observers0)
    sdh_soc_observers0$$Base                 0x0002d364   Number         0  nrf_drv_clock.o(sdh_soc_observers0)
    sdh_soc_observers0$$Limit                0x0002d374   Number         0  nrf_fstorage_sd.o(sdh_soc_observers0)
    sdh_soc_observers1$$Base                 0x0002d374   Number         0  main.o(sdh_soc_observers1)
    sdh_soc_observers1$$Limit                0x0002d37c   Number         0  main.o(sdh_soc_observers1)
    sdh_stack_observers0$$Base               0x0002d37c   Number         0  nrf_sdh_ble.o(sdh_stack_observers0)
    sdh_stack_observers0$$Limit              0x0002d38c   Number         0  nrf_sdh_soc.o(sdh_stack_observers0)
    sdh_state_observers0$$Base               0x0002d38c   Number         0  nrf_drv_clock.o(sdh_state_observers0)
    sdh_state_observers0$$Limit              0x0002d39c   Number         0  nrf_fstorage_sd.o(sdh_state_observers0)
    Image$$RW_IRAM1$$Base                    0x20002a98   Number         0  anon$$obj.o ABSOLUTE
    nrf_drv_uart_use_easy_dma                0x20002aec   Data           1  nrf_drv_uart.o(.data)
    __stdout                                 0x20002b7c   Data           4  retarget.o(.data)
    SystemCoreClock                          0x20002be4   Data           4  system_nrf52.o(.data)
    log_dynamic_data$$Base                   0x20002be8   Number         0  nrf_ble_gatt.o(log_dynamic_data)
    m_nrf_log_nrf_ble_gatt_logs_data_dynamic 0x20002be8   Data           4  nrf_ble_gatt.o(log_dynamic_data)
    m_nrf_log_ble_nus_logs_data_dynamic      0x20002bec   Data           4  ble_nus.o(log_dynamic_data)
    m_nrf_log_clock_logs_data_dynamic        0x20002bf0   Data           4  nrf_drv_clock.o(log_dynamic_data)
    m_nrf_log_CLOCK_logs_data_dynamic        0x20002bf4   Data           4  nrfx_clock.o(log_dynamic_data)
    m_nrf_log_GPIOTE_logs_data_dynamic       0x20002bf8   Data           4  nrfx_gpiote.o(log_dynamic_data)
    m_nrf_log_PRS_logs_data_dynamic          0x20002bfc   Data           4  nrfx_prs.o(log_dynamic_data)
    m_nrf_log_UART_logs_data_dynamic         0x20002c00   Data           4  nrfx_uart.o(log_dynamic_data)
    m_nrf_log_UARTE_logs_data_dynamic        0x20002c04   Data           4  nrfx_uarte.o(log_dynamic_data)
    m_nrf_log_nrf_fstorage_logs_data_dynamic 0x20002c08   Data           4  nrf_fstorage.o(log_dynamic_data)
    m_nrf_log_atfifo_m_fifo_logs_data_dynamic 0x20002c0c   Data           4  nrf_fstorage_sd.o(log_dynamic_data)
    m_nrf_log_pwr_mgmt_logs_data_dynamic     0x20002c10   Data           4  nrf_pwr_mgmt.o(log_dynamic_data)
    m_nrf_log_balloc_log_mempool_logs_data_dynamic 0x20002c14   Data           4  nrf_log_frontend.o(log_dynamic_data)
    m_nrf_log_app_logs_data_dynamic          0x20002c18   Data           4  nrf_log_frontend.o(log_dynamic_data)
    m_nrf_log_nrf_sdh_logs_data_dynamic      0x20002c1c   Data           4  nrf_sdh.o(log_dynamic_data)
    m_nrf_log_nrf_sdh_ble_logs_data_dynamic  0x20002c20   Data           4  nrf_sdh_ble.o(log_dynamic_data)
    m_nrf_log_nrf_sdh_soc_logs_data_dynamic  0x20002c24   Data           4  nrf_sdh_soc.o(log_dynamic_data)
    nrf_nvic_state                           0x20003428   Data          12  app_util_platform.o(.bss)
    _SEGGER_RTT                              0x20003a04   Data         120  segger_rtt.o(.bss)
    __initial_sp                             0x20005c90   Data           0  arm_startup_nrf52.o(STACK)



==============================================================================

Memory Map of the image

  Image Entry point : 0x00026201

  Load Region LR_IROM1 (Base: 0x00026000, Size: 0x0000752c, Max: 0x0005a000, ABSOLUTE, COMPRESSED[0x000073f4])

    Execution Region ER_IROM1 (Exec base: 0x00026000, Load base: 0x00026000, Size: 0x0000739c, Max: 0x0005a000, ABSOLUTE)

    Exec Addr    Load Addr    Size         Type   Attr      Idx    E Section Name        Object

    0x00026000   0x00026000   0x00000200   Data   RO         4804    RESET               arm_startup_nrf52.o
    0x00026200   0x00026200   0x00000000   Code   RO         4845  * .ARM.Collect$$$$00000000  mc_w.l(entry.o)
    0x00026200   0x00026200   0x00000004   Code   RO         5154    .ARM.Collect$$$$00000001  mc_w.l(entry2.o)
    0x00026204   0x00026204   0x00000004   Code   RO         5157    .ARM.Collect$$$$00000004  mc_w.l(entry5.o)
    0x00026208   0x00026208   0x00000000   Code   RO         5159    .ARM.Collect$$$$00000008  mc_w.l(entry7b.o)
    0x00026208   0x00026208   0x00000000   Code   RO         5161    .ARM.Collect$$$$0000000A  mc_w.l(entry8b.o)
    0x00026208   0x00026208   0x00000008   Code   RO         5162    .ARM.Collect$$$$0000000B  mc_w.l(entry9a.o)
    0x00026210   0x00026210   0x00000000   Code   RO         5164    .ARM.Collect$$$$0000000D  mc_w.l(entry10a.o)
    0x00026210   0x00026210   0x00000000   Code   RO         5166    .ARM.Collect$$$$0000000F  mc_w.l(entry11a.o)
    0x00026210   0x00026210   0x00000004   Code   RO         5155    .ARM.Collect$$$$00002712  mc_w.l(entry2.o)
    0x00026214   0x00026214   0x000000c8   Code   RO         3120    .emb_text           nrf_atfifo.o
    0x000262dc   0x000262dc   0x000000e2   Code   RO         3259    .emb_text           nrf_atomic.o
    0x000263be   0x000263be   0x00000002   PAD
    0x000263c0   0x000263c0   0x00000024   Code   RO         4805    .text               arm_startup_nrf52.o
    0x000263e4   0x000263e4   0x00000062   Code   RO         4848    .text               mc_w.l(uldiv.o)
    0x00026446   0x00026446   0x0000001e   Code   RO         4850    .text               mc_w.l(llshl.o)
    0x00026464   0x00026464   0x00000008   Code   RO         4852    .text               mc_w.l(ctype_o.o)
    0x0002646c   0x0002646c   0x00000024   Code   RO         4880    .text               mc_w.l(memcpya.o)
    0x00026490   0x00026490   0x00000024   Code   RO         4882    .text               mc_w.l(memseta.o)
    0x000264b4   0x000264b4   0x0000000e   Code   RO         4884    .text               mc_w.l(strlen.o)
    0x000264c2   0x000264c2   0x0000001c   Code   RO         4886    .text               mc_w.l(strcmp.o)
    0x000264de   0x000264de   0x00000012   Code   RO         4890    .text               mc_w.l(strcpy.o)
    0x000264f0   0x000264f0   0x00000020   Code   RO         5170    .text               mc_w.l(llushr.o)
    0x00026510   0x00026510   0x00000024   Code   RO         5183    .text               mc_w.l(init.o)
    0x00026534   0x00026534   0x00000056   Code   RO         5197    .text               mc_w.l(__dczerorl2.o)
    0x0002658a   0x0002658a   0x00000002   PAD
    0x0002658c   0x0002658c   0x00000164   Code   RO         1769    i.GPIOTE_IRQHandler  nrfx_gpiote.o
    0x000266f0   0x000266f0   0x00000016   Code   RO         2751    i.NVIC_ClearPendingIRQ  app_timer.o
    0x00026706   0x00026706   0x00000016   Code   RO         2752    i.NVIC_EnableIRQ    app_timer.o
    0x0002671c   0x0002671c   0x00000016   Code   RO         2753    i.NVIC_SetPendingIRQ  app_timer.o
    0x00026732   0x00026732   0x00000020   Code   RO         2754    i.NVIC_SetPriority  app_timer.o
    0x00026752   0x00026752   0x00000002   PAD
    0x00026754   0x00026754   0x00000058   Code   RO         1637    i.POWER_CLOCK_IRQHandler  nrfx_clock.o
    0x000267ac   0x000267ac   0x00000024   Code   RO         2755    i.RTC1_IRQHandler   app_timer.o
    0x000267d0   0x000267d0   0x00000004   Code   RO         4340    i.SEGGER_RTT_Init   segger_rtt.o
    0x000267d4   0x000267d4   0x0000003c   Code   RO         4353    i.SEGGER_RTT_Write  segger_rtt.o
    0x00026810   0x00026810   0x0000005c   Code   RO         4354    i.SEGGER_RTT_WriteNoLock  segger_rtt.o
    0x0002686c   0x0002686c   0x00000016   Code   RO         4538    i.SEGGER_RTT_printf  segger_rtt_printf.o
    0x00026882   0x00026882   0x00000196   Code   RO         4539    i.SEGGER_RTT_vprintf  segger_rtt_printf.o
    0x00026a18   0x00026a18   0x00000004   Code   RO         2756    i.SWI0_EGU0_IRQHandler  app_timer.o
    0x00026a1c   0x00026a1c   0x00000004   Code   RO         4591    i.SWI2_EGU2_IRQHandler  nrf_sdh.o
    0x00026a20   0x00026a20   0x0000031c   Code   RO         4813    i.SystemInit        system_nrf52.o
    0x00026d3c   0x00026d3c   0x0000000c   Code   RO         2068    i.UARTE0_UART0_IRQHandler  nrfx_prs.o
    0x00026d48   0x00026d48   0x00000068   Code   RO         4358    i._DoInit           segger_rtt.o
    0x00026db0   0x00026db0   0x00000016   Code   RO         4359    i._GetAvailWriteSpace  segger_rtt.o
    0x00026dc6   0x00026dc6   0x00000002   PAD
    0x00026dc8   0x00026dc8   0x000000c6   Code   RO         4540    i._PrintInt         segger_rtt_printf.o
    0x00026e8e   0x00026e8e   0x00000002   PAD
    0x00026e90   0x00026e90   0x000000d4   Code   RO         4541    i._PrintUnsigned    segger_rtt_printf.o
    0x00026f64   0x00026f64   0x0000003e   Code   RO         4542    i._StoreChar        segger_rtt_printf.o
    0x00026fa2   0x00026fa2   0x0000005a   Code   RO         4361    i._WriteBlocking    segger_rtt.o
    0x00026ffc   0x00026ffc   0x00000042   Code   RO         4362    i._WriteNoCheck     segger_rtt.o
    0x0002703e   0x0002703e   0x00000002   PAD
    0x00027040   0x00027040   0x00000010   Code   RO         4895    i.__0printf$bare    mc_w.l(printfb.o)
    0x00027050   0x00027050   0x0000000e   Code   RO         5191    i.__scatterload_copy  mc_w.l(handlers.o)
    0x0002705e   0x0002705e   0x00000002   Code   RO         5192    i.__scatterload_null  mc_w.l(handlers.o)
    0x00027060   0x00027060   0x0000000e   Code   RO         5193    i.__scatterload_zeroinit  mc_w.l(handlers.o)
    0x0002706e   0x0002706e   0x00000002   PAD
    0x00027070   0x00027070   0x00000024   Code   RO         4592    i.__sd_nvic_app_accessible_irq  nrf_sdh.o
    0x00027094   0x00027094   0x00000016   Code   RO         4593    i.__sd_nvic_is_app_accessible_priority  nrf_sdh.o
    0x000270aa   0x000270aa   0x00000022   Code   RO         4902    i._printf_core      mc_w.l(printfb.o)
    0x000270cc   0x000270cc   0x00000036   Code   RO          669    i.advertising_buttons_configure  bsp_btn_ble.o
    0x00027102   0x00027102   0x00000006   Code   RO          552    i.alert_timer_handler  bsp.o
    0x00027108   0x00027108   0x00000024   Code   RO         2460    i.app_button_enable  app_button.o
    0x0002712c   0x0002712c   0x00000078   Code   RO         2461    i.app_button_init   app_button.o
    0x000271a4   0x000271a4   0x0000007c   Code   RO         2584    i.app_error_fault_handler  app_error_weak.o
    0x00027220   0x00027220   0x00000016   Code   RO         2524    i.app_error_handler_bare  app_error.o
    0x00027236   0x00027236   0x00000016   Code   RO         2628    i.app_fifo_get      app_fifo.o
    0x0002724c   0x0002724c   0x00000020   Code   RO         2629    i.app_fifo_init     app_fifo.o
    0x0002726c   0x0002726c   0x0000001a   Code   RO         2631    i.app_fifo_put      app_fifo.o
    0x00027286   0x00027286   0x00000002   PAD
    0x00027288   0x00027288   0x00000024   Code   RO         2759    i.app_timer_create  app_timer.o
    0x000272ac   0x000272ac   0x00000054   Code   RO         2760    i.app_timer_init    app_timer.o
    0x00027300   0x00027300   0x00000088   Code   RO         2763    i.app_timer_start   app_timer.o
    0x00027388   0x00027388   0x00000020   Code   RO         2764    i.app_timer_stop    app_timer.o
    0x000273a8   0x000273a8   0x00000034   Code   RO         2926    i.app_uart_get      app_uart_fifo.o
    0x000273dc   0x000273dc   0x000000a4   Code   RO         2927    i.app_uart_init     app_uart_fifo.o
    0x00027480   0x00027480   0x00000054   Code   RO         2928    i.app_uart_put      app_uart_fifo.o
    0x000274d4   0x000274d4   0x00000048   Code   RO         3007    i.app_util_critical_region_enter  app_util_platform.o
    0x0002751c   0x0002751c   0x00000034   Code   RO         3008    i.app_util_critical_region_exit  app_util_platform.o
    0x00027550   0x00027550   0x00000088   Code   RO         2119    i.apply_config      nrfx_uart.o
    0x000275d8   0x000275d8   0x00000088   Code   RO         2307    i.apply_config      nrfx_uarte.o
    0x00027660   0x00027660   0x00000048   Code   RO         1148    i.blcm_link_ctx_get  ble_link_ctx_manager.o
    0x000276a8   0x000276a8   0x00000182   Code   RO          716    i.ble_advdata_encode  ble_advdata.o
    0x0002782a   0x0002782a   0x00000020   Code   RO          718    i.ble_advdata_parse  ble_advdata.o
    0x0002784a   0x0002784a   0x00000038   Code   RO          719    i.ble_advdata_search  ble_advdata.o
    0x00027882   0x00027882   0x00000006   Code   RO          822    i.ble_advertising_conn_cfg_tag_set  ble_advertising.o
    0x00027888   0x00027888   0x000000fa   Code   RO          823    i.ble_advertising_init  ble_advertising.o
    0x00027982   0x00027982   0x0000006a   Code   RO          825    i.ble_advertising_on_ble_evt  ble_advertising.o
    0x000279ec   0x000279ec   0x00000030   Code   RO          826    i.ble_advertising_on_sys_evt  ble_advertising.o
    0x00027a1c   0x00027a1c   0x0000003a   Code   RO          828    i.ble_advertising_restart_without_whitelist  ble_advertising.o
    0x00027a56   0x00027a56   0x00000236   Code   RO          829    i.ble_advertising_start  ble_advertising.o
    0x00027c8c   0x00027c8c   0x00000068   Code   RO          916    i.ble_conn_params_init  ble_conn_params.o
    0x00027cf4   0x00027cf4   0x00000012   Code   RO          991    i.ble_conn_state_conn_idx  ble_conn_state.o
    0x00027d06   0x00027d06   0x00000002   PAD
    0x00027d08   0x00027d08   0x00000014   Code   RO         1004    i.ble_conn_state_valid  ble_conn_state.o
    0x00027d1c   0x00027d1c   0x00000060   Code   RO          722    i.ble_device_addr_encode  ble_advdata.o
    0x00027d7c   0x00027d7c   0x000000d0   Code   RO            5    i.ble_evt_handler   main.o
    0x00027e4c   0x00027e4c   0x00000070   Code   RO          670    i.ble_evt_handler   bsp_btn_ble.o
    0x00027ebc   0x00027ebc   0x000000fc   Code   RO          918    i.ble_evt_handler   ble_conn_params.o
    0x00027fb8   0x00027fb8   0x00000104   Code   RO         1005    i.ble_evt_handler   ble_conn_state.o
    0x000280bc   0x000280bc   0x00000066   Code   RO         1377    i.ble_nus_data_send  ble_nus.o
    0x00028122   0x00028122   0x00000002   PAD
    0x00028124   0x00028124   0x00000058   Code   RO         1378    i.ble_nus_init      ble_nus.o
    0x0002817c   0x0002817c   0x00000070   Code   RO         1379    i.ble_nus_on_ble_evt  ble_nus.o
    0x000281ec   0x000281ec   0x0000007c   Code   RO            6    i.ble_send_char     main.o
    0x00028268   0x00028268   0x00000068   Code   RO            7    i.ble_send_string   main.o
    0x000282d0   0x000282d0   0x00000008   Code   RO         1174    i.ble_srv_is_notification_enabled  ble_srv_common.o
    0x000282d8   0x000282d8   0x0000000c   Code   RO          416    i.bsp_board_button_idx_to_pin  boards.o
    0x000282e4   0x000282e4   0x00000020   Code   RO          417    i.bsp_board_button_state_get  boards.o
    0x00028304   0x00028304   0x00000054   Code   RO          418    i.bsp_board_init    boards.o
    0x00028358   0x00028358   0x00000024   Code   RO          420    i.bsp_board_led_invert  boards.o
    0x0002837c   0x0002837c   0x00000010   Code   RO          421    i.bsp_board_led_off  boards.o
    0x0002838c   0x0002838c   0x00000010   Code   RO          422    i.bsp_board_led_on  boards.o
    0x0002839c   0x0002839c   0x00000020   Code   RO          423    i.bsp_board_led_state_get  boards.o
    0x000283bc   0x000283bc   0x00000012   Code   RO          424    i.bsp_board_leds_off  boards.o
    0x000283ce   0x000283ce   0x00000012   Code   RO          425    i.bsp_board_leds_on  boards.o
    0x000283e0   0x000283e0   0x00000024   Code   RO          426    i.bsp_board_pin_to_button_idx  boards.o
    0x00028404   0x00028404   0x00000038   Code   RO          671    i.bsp_btn_ble_init  bsp_btn_ble.o
    0x0002843c   0x0002843c   0x0000001e   Code   RO          672    i.bsp_btn_ble_sleep_mode_prepare  bsp_btn_ble.o
    0x0002845a   0x0002845a   0x00000002   PAD
    0x0002845c   0x0002845c   0x00000090   Code   RO          553    i.bsp_button_event_handler  bsp.o
    0x000284ec   0x000284ec   0x0000000c   Code   RO          554    i.bsp_button_is_pressed  bsp.o
    0x000284f8   0x000284f8   0x000000c4   Code   RO            8    i.bsp_event_handler  main.o
    0x000285bc   0x000285bc   0x00000044   Code   RO          557    i.bsp_event_to_button_action_assign  bsp.o
    0x00028600   0x00028600   0x00000018   Code   RO          558    i.bsp_indication_set  bsp.o
    0x00028618   0x00028618   0x00000094   Code   RO          559    i.bsp_init          bsp.o
    0x000286ac   0x000286ac   0x000001b8   Code   RO          560    i.bsp_led_indication  bsp.o
    0x00028864   0x00028864   0x00000006   Code   RO          562    i.bsp_wakeup_button_enable  bsp.o
    0x0002886a   0x0002886a   0x00000002   PAD
    0x0002886c   0x0002886c   0x00000090   Code   RO         4094    i.buf_prealloc      nrf_log_frontend.o
    0x000288fc   0x000288fc   0x0000001e   Code   RO         3471    i.buffer_add        nrf_fprintf_format.o
    0x0002891a   0x0002891a   0x00000002   PAD
    0x0002891c   0x0002891c   0x00000014   Code   RO         4095    i.buffer_is_empty   nrf_log_frontend.o
    0x00028930   0x00028930   0x00000008   Code   RO          563    i.button_timer_handler  bsp.o
    0x00028938   0x00028938   0x0000001c   Code   RO         1770    i.channel_free      nrfx_gpiote.o
    0x00028954   0x00028954   0x00000048   Code   RO         1771    i.channel_port_alloc  nrfx_gpiote.o
    0x0002899c   0x0002899c   0x00000010   Code   RO         1772    i.channel_port_get  nrfx_gpiote.o
    0x000289ac   0x000289ac   0x00000028   Code   RO         1442    i.clock_clk_started_notify  nrf_drv_clock.o
    0x000289d4   0x000289d4   0x0000001c   Code   RO         1443    i.clock_irq_handler  nrf_drv_clock.o
    0x000289f0   0x000289f0   0x000000ac   Code   RO         2766    i.compare_reg_update  app_timer.o
    0x00028a9c   0x00028a9c   0x0000003e   Code   RO         1006    i.conn_handle_list_get  ble_conn_state.o
    0x00028ada   0x00028ada   0x00000088   Code   RO          723    i.conn_int_encode   ble_advdata.o
    0x00028b62   0x00028b62   0x00000004   Code   RO            9    i.conn_params_error_handler  main.o
    0x00028b66   0x00028b66   0x00000002   PAD
    0x00028b68   0x00028b68   0x00000048   Code   RO          919    i.conn_params_negotiation  ble_conn_params.o
    0x00028bb0   0x00028bb0   0x000000bc   Code   RO         1234    i.data_length_update  nrf_ble_gatt.o
    0x00028c6c   0x00028c6c   0x00000098   Code   RO         2463    i.detection_delay_timeout_handler  app_button.o
    0x00028d04   0x00028d04   0x00000014   Code   RO         4097    i.dropped_sat16_get  nrf_log_frontend.o
    0x00028d18   0x00028d18   0x00000040   Code   RO         2767    i.elapsed_ticks_acquire  app_timer.o
    0x00028d58   0x00028d58   0x00000054   Code   RO         3596    i.event_send        nrf_fstorage_sd.o
    0x00028dac   0x00028dac   0x00000014   Code   RO         2634    i.fifo_get          app_fifo.o
    0x00028dc0   0x00028dc0   0x00000012   Code   RO         2635    i.fifo_put          app_fifo.o
    0x00028dd2   0x00028dd2   0x00000028   Code   RO          831    i.flags_set         ble_advertising.o
    0x00028dfa   0x00028dfa   0x0000000e   Code   RO         3927    i.fputc             retarget.o
    0x00028e08   0x00028e08   0x00000054   Code   RO           10    i.gatt_evt_handler  main.o
    0x00028e5c   0x00028e5c   0x00000030   Code   RO           11    i.gatt_init         main.o
    0x00028e8c   0x00028e8c   0x00000084   Code   RO         2464    i.gpiote_event_handler  app_button.o
    0x00028f10   0x00028f10   0x00000014   Code   RO          920    i.instance_get      ble_conn_params.o
    0x00028f24   0x00028f24   0x000000a6   Code   RO         3472    i.int_print         nrf_fprintf_format.o
    0x00028fca   0x00028fca   0x00000002   PAD
    0x00028fcc   0x00028fcc   0x00000080   Code   RO         2308    i.interrupts_enable  nrfx_uarte.o
    0x0002904c   0x0002904c   0x0000004c   Code   RO         4098    i.invalid_packets_pushed_str_omit  nrf_log_frontend.o
    0x00029098   0x00029098   0x00000044   Code   RO          921    i.is_conn_params_ok  ble_conn_params.o
    0x000290dc   0x000290dc   0x00000030   Code   RO          564    i.leds_off          bsp.o
    0x0002910c   0x0002910c   0x00000014   Code   RO          565    i.leds_timer_handler  bsp.o
    0x00029120   0x00029120   0x00000018   Code   RO         1235    i.link_init         nrf_ble_gatt.o
    0x00029138   0x00029138   0x000000f8   Code   RO         2768    i.list_insertions_handler  app_timer.o
    0x00029230   0x00029230   0x0000009c   Code   RO         4099    i.log_skip          nrf_log_frontend.o
    0x000292cc   0x000292cc   0x00000270   Code   RO           12    i.main              main.o
    0x0002953c   0x0002953c   0x00000064   Code   RO          724    i.manuf_specific_data_encode  ble_advdata.o
    0x000295a0   0x000295a0   0x00000076   Code   RO         3710    i.memobj_op         nrf_memobj.o
    0x00029616   0x00029616   0x00000002   PAD
    0x00029618   0x00029618   0x00000030   Code   RO         4100    i.module_idx_get    nrf_log_frontend.o
    0x00029648   0x00029648   0x0000009c   Code   RO          725    i.name_encode       ble_advdata.o
    0x000296e4   0x000296e4   0x00000016   Code   RO         3126    i.nrf_atfifo_item_free  nrf_atfifo.o
    0x000296fa   0x000296fa   0x00000016   Code   RO         3127    i.nrf_atfifo_item_get  nrf_atfifo.o
    0x00029710   0x00029710   0x00000016   Code   RO         3193    i.nrf_atflags_clear  nrf_atflags.o
    0x00029726   0x00029726   0x00000016   Code   RO         3198    i.nrf_atflags_get   nrf_atflags.o
    0x0002973c   0x0002973c   0x00000014   Code   RO         3200    i.nrf_atflags_set   nrf_atflags.o
    0x00029750   0x00029750   0x00000006   Code   RO         3261    i.nrf_atomic_flag_clear_fetch  nrf_atomic.o
    0x00029756   0x00029756   0x00000006   Code   RO         3262    i.nrf_atomic_flag_set  nrf_atomic.o
    0x0002975c   0x0002975c   0x0000000c   Code   RO         3264    i.nrf_atomic_u32_add  nrf_atomic.o
    0x00029768   0x00029768   0x0000000c   Code   RO         3265    i.nrf_atomic_u32_and  nrf_atomic.o
    0x00029774   0x00029774   0x0000000a   Code   RO         3268    i.nrf_atomic_u32_fetch_and  nrf_atomic.o
    0x0002977e   0x0002977e   0x0000000a   Code   RO         3270    i.nrf_atomic_u32_fetch_store  nrf_atomic.o
    0x00029788   0x00029788   0x0000000c   Code   RO         3274    i.nrf_atomic_u32_or  nrf_atomic.o
    0x00029794   0x00029794   0x0000000c   Code   RO         3276    i.nrf_atomic_u32_sub  nrf_atomic.o
    0x000297a0   0x000297a0   0x00000044   Code   RO         3395    i.nrf_balloc_alloc  nrf_balloc.o
    0x000297e4   0x000297e4   0x00000030   Code   RO         3396    i.nrf_balloc_free   nrf_balloc.o
    0x00029814   0x00029814   0x00000030   Code   RO         3397    i.nrf_balloc_init   nrf_balloc.o
    0x00029844   0x00029844   0x00000010   Code   RO         1773    i.nrf_bitmask_bit_is_set  nrfx_gpiote.o
    0x00029854   0x00029854   0x00000014   Code   RO         1774    i.nrf_bitmask_bit_set  nrfx_gpiote.o
    0x00029868   0x00029868   0x00000018   Code   RO         1237    i.nrf_ble_gatt_att_mtu_periph_set  nrf_ble_gatt.o
    0x00029880   0x00029880   0x00000022   Code   RO         1241    i.nrf_ble_gatt_init  nrf_ble_gatt.o
    0x000298a2   0x000298a2   0x00000002   PAD
    0x000298a4   0x000298a4   0x00000148   Code   RO         1242    i.nrf_ble_gatt_on_ble_evt  nrf_ble_gatt.o
    0x000299ec   0x000299ec   0x00000016   Code   RO         1336    i.nrf_ble_qwr_conn_handle_assign  nrf_ble_qwr.o
    0x00029a02   0x00029a02   0x00000024   Code   RO         1337    i.nrf_ble_qwr_init  nrf_ble_qwr.o
    0x00029a26   0x00029a26   0x000000b6   Code   RO         1338    i.nrf_ble_qwr_on_ble_evt  nrf_ble_qwr.o
    0x00029adc   0x00029adc   0x0000000e   Code   RO         1638    i.nrf_clock_event_check  nrfx_clock.o
    0x00029aea   0x00029aea   0x00000010   Code   RO         1639    i.nrf_clock_event_clear  nrfx_clock.o
    0x00029afa   0x00029afa   0x00000002   PAD
    0x00029afc   0x00029afc   0x00000038   Code   RO         1450    i.nrf_drv_clock_init  nrf_drv_clock.o
    0x00029b34   0x00029b34   0x00000030   Code   RO         1454    i.nrf_drv_clock_lfclk_release  nrf_drv_clock.o
    0x00029b64   0x00029b64   0x00000068   Code   RO         1585    i.nrf_drv_uart_init  nrf_drv_uart.o
    0x00029bcc   0x00029bcc   0x00000020   Code   RO         2929    i.nrf_drv_uart_rx   app_uart_fifo.o
    0x00029bec   0x00029bec   0x00000020   Code   RO         2930    i.nrf_drv_uart_tx   app_uart_fifo.o
    0x00029c0c   0x00029c0c   0x0000001a   Code   RO         3432    i.nrf_fprintf       nrf_fprintf.o
    0x00029c26   0x00029c26   0x00000018   Code   RO         3433    i.nrf_fprintf_buffer_flush  nrf_fprintf.o
    0x00029c3e   0x00029c3e   0x000001da   Code   RO         3473    i.nrf_fprintf_fmt   nrf_fprintf_format.o
    0x00029e18   0x00029e18   0x00000050   Code   RO         3515    i.nrf_fstorage_is_busy  nrf_fstorage.o
    0x00029e68   0x00029e68   0x00000018   Code   RO         3599    i.nrf_fstorage_sdh_req_handler  nrf_fstorage_sd.o
    0x00029e80   0x00029e80   0x00000020   Code   RO         3600    i.nrf_fstorage_sdh_state_handler  nrf_fstorage_sd.o
    0x00029ea0   0x00029ea0   0x000000a4   Code   RO         3601    i.nrf_fstorage_sys_evt_handler  nrf_fstorage_sd.o
    0x00029f44   0x00029f44   0x00000024   Code   RO          428    i.nrf_gpio_cfg      boards.o
    0x00029f68   0x00029f68   0x00000024   Code   RO         1775    i.nrf_gpio_cfg      nrfx_gpiote.o
    0x00029f8c   0x00029f8c   0x00000024   Code   RO         2120    i.nrf_gpio_cfg      nrfx_uart.o
    0x00029fb0   0x00029fb0   0x00000024   Code   RO         2309    i.nrf_gpio_cfg      nrfx_uarte.o
    0x00029fd4   0x00029fd4   0x00000012   Code   RO         2122    i.nrf_gpio_cfg_input  nrfx_uart.o
    0x00029fe6   0x00029fe6   0x00000012   Code   RO         2311    i.nrf_gpio_cfg_input  nrfx_uarte.o
    0x00029ff8   0x00029ff8   0x00000014   Code   RO         2123    i.nrf_gpio_cfg_output  nrfx_uart.o
    0x0002a00c   0x0002a00c   0x00000014   Code   RO         2312    i.nrf_gpio_cfg_output  nrfx_uarte.o
    0x0002a020   0x0002a020   0x00000022   Code   RO         1777    i.nrf_gpio_cfg_sense_set  nrfx_gpiote.o
    0x0002a042   0x0002a042   0x00000016   Code   RO          429    i.nrf_gpio_pin_write  boards.o
    0x0002a058   0x0002a058   0x00000028   Code   RO         1778    i.nrf_gpio_ports_read  nrfx_gpiote.o
    0x0002a080   0x0002a080   0x00000014   Code   RO         1779    i.nrf_gpiote_event_clear  nrfx_gpiote.o
    0x0002a094   0x0002a094   0x00000010   Code   RO         1780    i.nrf_gpiote_event_is_set  nrfx_gpiote.o
    0x0002a0a4   0x0002a0a4   0x00000050   Code   RO         4101    i.nrf_log_backend_add  nrf_log_frontend.o
    0x0002a0f4   0x0002a0f4   0x00000002   Code   RO         3964    i.nrf_log_backend_rtt_flush  nrf_log_backend_rtt.o
    0x0002a0f6   0x0002a0f6   0x00000004   Code   RO         3965    i.nrf_log_backend_rtt_init  nrf_log_backend_rtt.o
    0x0002a0fa   0x0002a0fa   0x00000002   Code   RO         3966    i.nrf_log_backend_rtt_panic_set  nrf_log_backend_rtt.o
    0x0002a0fc   0x0002a0fc   0x00000018   Code   RO         3967    i.nrf_log_backend_rtt_put  nrf_log_backend_rtt.o
    0x0002a114   0x0002a114   0x000000c8   Code   RO         4027    i.nrf_log_backend_serial_put  nrf_log_backend_serial.o
    0x0002a1dc   0x0002a1dc   0x00000030   Code   RO         4103    i.nrf_log_color_id_get  nrf_log_frontend.o
    0x0002a20c   0x0002a20c   0x0000001c   Code   RO         4061    i.nrf_log_default_backends_init  nrf_log_default_backends.o
    0x0002a228   0x0002a228   0x00000220   Code   RO         4104    i.nrf_log_frontend_dequeue  nrf_log_frontend.o
    0x0002a448   0x0002a448   0x00000008   Code   RO         4106    i.nrf_log_frontend_std_0  nrf_log_frontend.o
    0x0002a450   0x0002a450   0x0000000e   Code   RO         4107    i.nrf_log_frontend_std_1  nrf_log_frontend.o
    0x0002a45e   0x0002a45e   0x00000010   Code   RO         4108    i.nrf_log_frontend_std_2  nrf_log_frontend.o
    0x0002a46e   0x0002a46e   0x00000002   PAD
    0x0002a470   0x0002a470   0x000000ac   Code   RO         4281    i.nrf_log_hexdump_entry_process  nrf_log_str_formatter.o
    0x0002a51c   0x0002a51c   0x00000058   Code   RO         4113    i.nrf_log_init      nrf_log_frontend.o
    0x0002a574   0x0002a574   0x00000014   Code   RO         4114    i.nrf_log_module_cnt_get  nrf_log_frontend.o
    0x0002a588   0x0002a588   0x0000001c   Code   RO         4117    i.nrf_log_module_name_get  nrf_log_frontend.o
    0x0002a5a4   0x0002a5a4   0x00000028   Code   RO         4118    i.nrf_log_panic     nrf_log_frontend.o
    0x0002a5cc   0x0002a5cc   0x000000b6   Code   RO         4282    i.nrf_log_std_entry_process  nrf_log_str_formatter.o
    0x0002a682   0x0002a682   0x00000060   Code   RO         3711    i.nrf_memobj_alloc  nrf_memobj.o
    0x0002a6e2   0x0002a6e2   0x00000032   Code   RO         3712    i.nrf_memobj_free   nrf_memobj.o
    0x0002a714   0x0002a714   0x00000008   Code   RO         3713    i.nrf_memobj_get    nrf_memobj.o
    0x0002a71c   0x0002a71c   0x00000004   Code   RO         3714    i.nrf_memobj_pool_init  nrf_memobj.o
    0x0002a720   0x0002a720   0x0000001e   Code   RO         3715    i.nrf_memobj_put    nrf_memobj.o
    0x0002a73e   0x0002a73e   0x0000000c   Code   RO         3716    i.nrf_memobj_read   nrf_memobj.o
    0x0002a74a   0x0002a74a   0x0000000c   Code   RO         3717    i.nrf_memobj_write  nrf_memobj.o
    0x0002a756   0x0002a756   0x00000002   PAD
    0x0002a758   0x0002a758   0x00000028   Code   RO         3789    i.nrf_pwr_mgmt_init  nrf_pwr_mgmt.o
    0x0002a780   0x0002a780   0x00000004   Code   RO           13    i.nrf_qwr_error_handler  main.o
    0x0002a784   0x0002a784   0x00000014   Code   RO         4722    i.nrf_sdh_ble_app_ram_start_get  nrf_sdh_ble.o
    0x0002a798   0x0002a798   0x00000154   Code   RO         4723    i.nrf_sdh_ble_default_cfg_set  nrf_sdh_ble.o
    0x0002a8ec   0x0002a8ec   0x0000012c   Code   RO         4724    i.nrf_sdh_ble_enable  nrf_sdh_ble.o
    0x0002aa18   0x0002aa18   0x00000060   Code   RO         4725    i.nrf_sdh_ble_evts_poll  nrf_sdh_ble.o
    0x0002aa78   0x0002aa78   0x00000054   Code   RO         4594    i.nrf_sdh_disable_request  nrf_sdh.o
    0x0002aacc   0x0002aacc   0x00000090   Code   RO         4595    i.nrf_sdh_enable_request  nrf_sdh.o
    0x0002ab5c   0x0002ab5c   0x00000024   Code   RO         4596    i.nrf_sdh_evts_poll  nrf_sdh.o
    0x0002ab80   0x0002ab80   0x0000000c   Code   RO         4597    i.nrf_sdh_is_enabled  nrf_sdh.o
    0x0002ab8c   0x0002ab8c   0x0000001c   Code   RO         4599    i.nrf_sdh_request_continue  nrf_sdh.o
    0x0002aba8   0x0002aba8   0x0000003c   Code   RO         4773    i.nrf_sdh_soc_evts_poll  nrf_sdh_soc.o
    0x0002abe4   0x0002abe4   0x0000000a   Code   RO         3858    i.nrf_section_iter_init  nrf_section_iter.o
    0x0002abee   0x0002abee   0x00000024   Code   RO         3859    i.nrf_section_iter_item_set  nrf_section_iter.o
    0x0002ac12   0x0002ac12   0x00000020   Code   RO         3860    i.nrf_section_iter_next  nrf_section_iter.o
    0x0002ac32   0x0002ac32   0x00000002   PAD
    0x0002ac34   0x0002ac34   0x00000038   Code   RO         3893    i.nrf_strerror_find  nrf_strerror.o
    0x0002ac6c   0x0002ac6c   0x00000014   Code   RO         3894    i.nrf_strerror_get  nrf_strerror.o
    0x0002ac80   0x0002ac80   0x0000000a   Code   RO         2124    i.nrf_uart_event_check  nrfx_uart.o
    0x0002ac8a   0x0002ac8a   0x0000000c   Code   RO         2125    i.nrf_uart_event_clear  nrfx_uart.o
    0x0002ac96   0x0002ac96   0x0000000c   Code   RO         2126    i.nrf_uart_int_enable_check  nrfx_uart.o
    0x0002aca2   0x0002aca2   0x0000000a   Code   RO         2313    i.nrf_uarte_event_check  nrfx_uarte.o
    0x0002acac   0x0002acac   0x0000000c   Code   RO         2314    i.nrf_uarte_event_clear  nrfx_uarte.o
    0x0002acb8   0x0002acb8   0x0000002c   Code   RO         1644    i.nrfx_clock_enable  nrfx_clock.o
    0x0002ace4   0x0002ace4   0x00000020   Code   RO         1647    i.nrfx_clock_init   nrfx_clock.o
    0x0002ad04   0x0002ad04   0x0000001c   Code   RO         1650    i.nrfx_clock_lfclk_stop  nrfx_clock.o
    0x0002ad20   0x0002ad20   0x00000010   Code   RO         2769    i.nrfx_coredep_delay_us  app_timer.o
    0x0002ad30   0x0002ad30   0x000000a4   Code   RO         1785    i.nrfx_gpiote_in_event_enable  nrfx_gpiote.o
    0x0002add4   0x0002add4   0x000000d0   Code   RO         1786    i.nrfx_gpiote_in_init  nrfx_gpiote.o
    0x0002aea4   0x0002aea4   0x00000014   Code   RO         1787    i.nrfx_gpiote_in_is_set  nrfx_gpiote.o
    0x0002aeb8   0x0002aeb8   0x00000070   Code   RO         1789    i.nrfx_gpiote_init  nrfx_gpiote.o
    0x0002af28   0x0002af28   0x00000014   Code   RO         1790    i.nrfx_gpiote_is_init  nrfx_gpiote.o
    0x0002af3c   0x0002af3c   0x00000010   Code   RO         2315    i.nrfx_is_in_ram    nrfx_uarte.o
    0x0002af4c   0x0002af4c   0x0000003a   Code   RO         2069    i.nrfx_prs_acquire  nrfx_prs.o
    0x0002af86   0x0002af86   0x00000002   PAD
    0x0002af88   0x0002af88   0x00000010   Code   RO         2127    i.nrfx_uart_0_irq_handler  nrfx_uart.o
    0x0002af98   0x0002af98   0x000000d4   Code   RO         2129    i.nrfx_uart_init    nrfx_uart.o
    0x0002b06c   0x0002b06c   0x000000ec   Code   RO         2130    i.nrfx_uart_rx      nrfx_uart.o
    0x0002b158   0x0002b158   0x000000a4   Code   RO         2135    i.nrfx_uart_tx      nrfx_uart.o
    0x0002b1fc   0x0002b1fc   0x00000020   Code   RO         2137    i.nrfx_uart_tx_in_progress  nrfx_uart.o
    0x0002b21c   0x0002b21c   0x00000010   Code   RO         2316    i.nrfx_uarte_0_irq_handler  nrfx_uarte.o
    0x0002b22c   0x0002b22c   0x0000006c   Code   RO         2318    i.nrfx_uarte_init   nrfx_uarte.o
    0x0002b298   0x0002b298   0x00000104   Code   RO         2319    i.nrfx_uarte_rx     nrfx_uarte.o
    0x0002b39c   0x0002b39c   0x00000090   Code   RO         2322    i.nrfx_uarte_tx     nrfx_uarte.o
    0x0002b42c   0x0002b42c   0x0000001c   Code   RO         2324    i.nrfx_uarte_tx_in_progress  nrfx_uarte.o
    0x0002b448   0x0002b448   0x000000fc   Code   RO           14    i.nus_data_handler  main.o
    0x0002b544   0x0002b544   0x00000024   Code   RO           15    i.on_adv_evt        main.o
    0x0002b568   0x0002b568   0x0000001c   Code   RO           16    i.on_conn_params_evt  main.o
    0x0002b584   0x0002b584   0x0000006a   Code   RO         1380    i.on_connect        ble_nus.o
    0x0002b5ee   0x0002b5ee   0x00000002   PAD
    0x0002b5f0   0x0002b5f0   0x000000a0   Code   RO         1243    i.on_connected_evt  nrf_ble_gatt.o
    0x0002b690   0x0002b690   0x000000a4   Code   RO         1244    i.on_exchange_mtu_request_evt  nrf_ble_gatt.o
    0x0002b734   0x0002b734   0x00000084   Code   RO         1381    i.on_write          ble_nus.o
    0x0002b7b8   0x0002b7b8   0x00000012   Code   RO          832    i.phy_is_valid      ble_advertising.o
    0x0002b7ca   0x0002b7ca   0x00000002   PAD
    0x0002b7cc   0x0002b7cc   0x00000018   Code   RO         1806    i.pin_in_use_by_port  nrfx_gpiote.o
    0x0002b7e4   0x0002b7e4   0x00000018   Code   RO         1807    i.pin_in_use_by_te  nrfx_gpiote.o
    0x0002b7fc   0x0002b7fc   0x0000003c   Code   RO         4284    i.postfix_process   nrf_log_str_formatter.o
    0x0002b838   0x0002b838   0x00000098   Code   RO         4285    i.prefix_process    nrf_log_str_formatter.o
    0x0002b8d0   0x0002b8d0   0x00000018   Code   RO         2071    i.prs_box_get       nrfx_prs.o
    0x0002b8e8   0x0002b8e8   0x00000014   Code   RO         3602    i.queue_free        nrf_fstorage_sd.o
    0x0002b8fc   0x0002b8fc   0x000000a0   Code   RO         3603    i.queue_process     nrf_fstorage_sd.o
    0x0002b99c   0x0002b99c   0x0000003c   Code   RO         2770    i.rtc1_stop         app_timer.o
    0x0002b9d8   0x0002b9d8   0x00000032   Code   RO         2139    i.rx_byte           nrfx_uart.o
    0x0002ba0a   0x0002ba0a   0x000000a2   Code   RO         1382    i.rx_char_add       ble_nus.o
    0x0002baac   0x0002baac   0x00000016   Code   RO         2140    i.rx_done_event     nrfx_uart.o
    0x0002bac2   0x0002bac2   0x00000018   Code   RO         2326    i.rx_done_event     nrfx_uarte.o
    0x0002bada   0x0002bada   0x00000020   Code   RO         2141    i.rx_enable         nrfx_uart.o
    0x0002bafa   0x0002bafa   0x00000042   Code   RO         4602    i.sd_nvic_SetPriority  nrf_sdh.o
    0x0002bb3c   0x0002bb3c   0x00000050   Code   RO         1457    i.sd_state_evt_handler  nrf_drv_clock.o
    0x0002bb8c   0x0002bb8c   0x00000030   Code   RO         4603    i.sdh_request_observer_notify  nrf_sdh.o
    0x0002bbbc   0x0002bbbc   0x0000002c   Code   RO         4604    i.sdh_state_observer_notify  nrf_sdh.o
    0x0002bbe8   0x0002bbe8   0x00000010   Code   RO          922    i.send_error_evt    ble_conn_params.o
    0x0002bbf8   0x0002bbf8   0x00000050   Code   RO         3968    i.serial_tx         nrf_log_backend_rtt.o
    0x0002bc48   0x0002bc48   0x00000088   Code   RO          726    i.service_data_encode  ble_advdata.o
    0x0002bcd0   0x0002bcd0   0x00000028   Code   RO           17    i.sleep_mode_enter  main.o
    0x0002bcf8   0x0002bcf8   0x00000018   Code   RO         1458    i.soc_evt_handler   nrf_drv_clock.o
    0x0002bd10   0x0002bd10   0x00000038   Code   RO         4605    i.softdevice_evt_irq_disable  nrf_sdh.o
    0x0002bd48   0x0002bd48   0x00000050   Code   RO         4606    i.softdevices_evt_irq_enable  nrf_sdh.o
    0x0002bd98   0x0002bd98   0x0000008c   Code   RO         4120    i.std_n             nrf_log_frontend.o
    0x0002be24   0x0002be24   0x00000080   Code   RO         2771    i.timer_list_handler  app_timer.o
    0x0002bea4   0x0002bea4   0x0000003c   Code   RO         2772    i.timer_list_insert  app_timer.o
    0x0002bee0   0x0002bee0   0x00000060   Code   RO         2773    i.timer_list_remove  app_timer.o
    0x0002bf40   0x0002bf40   0x00000048   Code   RO         2774    i.timer_stop_op_schedule  app_timer.o
    0x0002bf88   0x0002bf88   0x00000074   Code   RO         2775    i.timer_timeouts_check  app_timer.o
    0x0002bffc   0x0002bffc   0x00000020   Code   RO         2142    i.tx_byte           nrfx_uart.o
    0x0002c01c   0x0002c01c   0x000000da   Code   RO         1383    i.tx_char_add       ble_nus.o
    0x0002c0f6   0x0002c0f6   0x0000001a   Code   RO         2143    i.tx_done_event     nrfx_uart.o
    0x0002c110   0x0002c110   0x00000090   Code   RO           18    i.uart_event_handle  main.o
    0x0002c1a0   0x0002c1a0   0x000000a0   Code   RO         2931    i.uart_event_handler  app_uart_fifo.o
    0x0002c240   0x0002c240   0x00000030   Code   RO         1586    i.uart_evt_handler  nrf_drv_uart.o
    0x0002c270   0x0002c270   0x00000128   Code   RO         2144    i.uart_irq_handler  nrfx_uart.o
    0x0002c398   0x0002c398   0x00000030   Code   RO         1587    i.uarte_evt_handler  nrf_drv_uart.o
    0x0002c3c8   0x0002c3c8   0x000000f4   Code   RO         2327    i.uarte_irq_handler  nrfx_uarte.o
    0x0002c4bc   0x0002c4bc   0x0000000a   Code   RO          727    i.uint16_encode     ble_advdata.o
    0x0002c4c6   0x0002c4c6   0x00000002   PAD
    0x0002c4c8   0x0002c4c8   0x000000b4   Code   RO         3474    i.unsigned_print    nrf_fprintf_format.o
    0x0002c57c   0x0002c57c   0x00000068   Code   RO          923    i.update_timeout_handler  ble_conn_params.o
    0x0002c5e4   0x0002c5e4   0x00000018   Code   RO          833    i.use_whitelist     ble_advertising.o
    0x0002c5fc   0x0002c5fc   0x00000024   Code   RO         1339    i.user_mem_reply    nrf_ble_qwr.o
    0x0002c620   0x0002c620   0x00000030   Code   RO         2776    i.user_op_alloc     app_timer.o
    0x0002c650   0x0002c650   0x00000030   Code   RO          728    i.uuid_list_encode  ble_advdata.o
    0x0002c680   0x0002c680   0x0000009e   Code   RO          729    i.uuid_list_sized_encode  ble_advdata.o
    0x0002c71e   0x0002c71e   0x0000003a   Code   RO          566    i.wakeup_button_cfg  bsp.o
    0x0002c758   0x0002c758   0x00000008   PAD
    0x0002c760   0x0002c760   0x00000020   Data   RO           20    .constdata          main.o
    0x0002c780   0x0002c780   0x00000008   Data   RO          430    .constdata          boards.o
    0x0002c788   0x0002c788   0x0000002c   Data   RO          571    .constdata          bsp.o
    0x0002c7b4   0x0002c7b4   0x00000016   Data   RO         1245    .constdata          nrf_ble_gatt.o
    0x0002c7ca   0x0002c7ca   0x00000002   PAD
    0x0002c7cc   0x0002c7cc   0x00000010   Data   RO         1384    .constdata          ble_nus.o
    0x0002c7dc   0x0002c7dc   0x00000004   Data   RO         1809    .constdata          nrfx_gpiote.o
    0x0002c7e0   0x0002c7e0   0x00000004   Data   RO         2147    .constdata          nrfx_uart.o
    0x0002c7e4   0x0002c7e4   0x00000004   Data   RO         2330    .constdata          nrfx_uarte.o
    0x0002c7e8   0x0002c7e8   0x00000008   Data   RO         2466    .constdata          app_button.o
    0x0002c7f0   0x0002c7f0   0x00000006   Data   RO         2778    .constdata          app_timer.o
    0x0002c7f6   0x0002c7f6   0x00000002   PAD
    0x0002c7f8   0x0002c7f8   0x00000020   Data   RO         2933    .constdata          app_uart_fifo.o
    0x0002c818   0x0002c818   0x00000010   Data   RO         3475    .constdata          nrf_fprintf_format.o
    0x0002c828   0x0002c828   0x00000010   Data   RO         3611    .constdata          nrf_fstorage_sd.o
    0x0002c838   0x0002c838   0x00000018   Data   RO         3794    .constdata          nrf_pwr_mgmt.o
    0x0002c850   0x0002c850   0x0000000c   Data   RO         3795    .constdata          nrf_pwr_mgmt.o
    0x0002c85c   0x0002c85c   0x0000013c   Data   RO         3895    .constdata          nrf_strerror.o
    0x0002c998   0x0002c998   0x0000000c   Data   RO         3970    .constdata          nrf_log_backend_rtt.o
    0x0002c9a4   0x0002c9a4   0x0000000c   PAD
    0x0002c9b0   0x0002c9b0   0x00000006   Data   RO         3971    .constdata          nrf_log_backend_rtt.o
    0x0002c9b6   0x0002c9b6   0x00000010   Data   RO         4543    .constdata          segger_rtt_printf.o
    0x0002c9c6   0x0002c9c6   0x00000002   PAD
    0x0002c9c8   0x0002c9c8   0x00000010   Data   RO         4607    .constdata          nrf_sdh.o
    0x0002c9d8   0x0002c9d8   0x00000028   Data   RO         4608    .constdata          nrf_sdh.o
    0x0002ca00   0x0002ca00   0x00000010   Data   RO         4609    .constdata          nrf_sdh.o
    0x0002ca10   0x0002ca10   0x00000010   Data   RO         4610    .constdata          nrf_sdh.o
    0x0002ca20   0x0002ca20   0x00000020   Data   RO         4726    .constdata          nrf_sdh_ble.o
    0x0002ca40   0x0002ca40   0x00000010   Data   RO         4727    .constdata          nrf_sdh_ble.o
    0x0002ca50   0x0002ca50   0x00000010   Data   RO         4774    .constdata          nrf_sdh_soc.o
    0x0002ca60   0x0002ca60   0x0000000c   Data   RO         4775    .constdata          nrf_sdh_soc.o
    0x0002ca6c   0x0002ca6c   0x00000081   Data   RO         4853    .constdata          mc_w.l(ctype_o.o)
    0x0002caed   0x0002caed   0x00000003   PAD
    0x0002caf0   0x0002caf0   0x00000004   Data   RO         4854    .constdata          mc_w.l(ctype_o.o)
    0x0002caf4   0x0002caf4   0x000000a2   Data   RO         1246    .conststring        nrf_ble_gatt.o
    0x0002cb96   0x0002cb96   0x00000002   PAD
    0x0002cb98   0x0002cb98   0x000003eb   Data   RO         3896    .conststring        nrf_strerror.o
    0x0002cf83   0x0002cf83   0x00000001   PAD
    0x0002cf84   0x0002cf84   0x00000066   Data   RO         4286    .conststring        nrf_log_str_formatter.o
    0x0002cfea   0x0002cfea   0x00000002   PAD
    0x0002cfec   0x0002cfec   0x000001cf   Data   RO         4728    .conststring        nrf_sdh_ble.o
    0x0002d1bb   0x0002d1bb   0x00000001   PAD
    0x0002d1bc   0x0002d1bc   0x0000000d   Data   RO         1247    .conststrlit        nrf_ble_gatt.o
    0x0002d1c9   0x0002d1c9   0x00000003   PAD
    0x0002d1cc   0x0002d1cc   0x00000008   Data   RO         1385    .conststrlit        ble_nus.o
    0x0002d1d4   0x0002d1d4   0x00000006   Data   RO         1464    .conststrlit        nrf_drv_clock.o
    0x0002d1da   0x0002d1da   0x00000002   PAD
    0x0002d1dc   0x0002d1dc   0x00000006   Data   RO         1654    .conststrlit        nrfx_clock.o
    0x0002d1e2   0x0002d1e2   0x00000002   PAD
    0x0002d1e4   0x0002d1e4   0x00000007   Data   RO         1813    .conststrlit        nrfx_gpiote.o
    0x0002d1eb   0x0002d1eb   0x00000001   PAD
    0x0002d1ec   0x0002d1ec   0x00000004   Data   RO         2073    .conststrlit        nrfx_prs.o
    0x0002d1f0   0x0002d1f0   0x00000005   Data   RO         2150    .conststrlit        nrfx_uart.o
    0x0002d1f5   0x0002d1f5   0x00000003   PAD
    0x0002d1f8   0x0002d1f8   0x00000006   Data   RO         2333    .conststrlit        nrfx_uarte.o
    0x0002d1fe   0x0002d1fe   0x00000002   PAD
    0x0002d200   0x0002d200   0x0000000d   Data   RO         3523    .conststrlit        nrf_fstorage.o
    0x0002d20d   0x0002d20d   0x00000003   PAD
    0x0002d210   0x0002d210   0x0000000e   Data   RO         3613    .conststrlit        nrf_fstorage_sd.o
    0x0002d21e   0x0002d21e   0x00000002   PAD
    0x0002d220   0x0002d220   0x00000009   Data   RO         3796    .conststrlit        nrf_pwr_mgmt.o
    0x0002d229   0x0002d229   0x00000003   PAD
    0x0002d22c   0x0002d22c   0x00000018   Data   RO         4123    .conststrlit        nrf_log_frontend.o
    0x0002d244   0x0002d244   0x00000008   Data   RO         4611    .conststrlit        nrf_sdh.o
    0x0002d24c   0x0002d24c   0x0000000c   Data   RO         4729    .conststrlit        nrf_sdh_ble.o
    0x0002d258   0x0002d258   0x0000000c   Data   RO         4776    .conststrlit        nrf_sdh_soc.o
    0x0002d264   0x0002d264   0x00000020   Data   RO         5189    Region$$Table       anon$$obj.o
    0x0002d284   0x0002d284   0x00000008   Data   RO         1248    log_const_data      nrf_ble_gatt.o
    0x0002d28c   0x0002d28c   0x00000008   Data   RO         1386    log_const_data      ble_nus.o
    0x0002d294   0x0002d294   0x00000008   Data   RO         1465    log_const_data      nrf_drv_clock.o
    0x0002d29c   0x0002d29c   0x00000008   Data   RO         1656    log_const_data      nrfx_clock.o
    0x0002d2a4   0x0002d2a4   0x00000008   Data   RO         1814    log_const_data      nrfx_gpiote.o
    0x0002d2ac   0x0002d2ac   0x00000008   Data   RO         2075    log_const_data      nrfx_prs.o
    0x0002d2b4   0x0002d2b4   0x00000008   Data   RO         2151    log_const_data      nrfx_uart.o
    0x0002d2bc   0x0002d2bc   0x00000008   Data   RO         2334    log_const_data      nrfx_uarte.o
    0x0002d2c4   0x0002d2c4   0x00000008   Data   RO         3524    log_const_data      nrf_fstorage.o
    0x0002d2cc   0x0002d2cc   0x00000008   Data   RO         3616    log_const_data      nrf_fstorage_sd.o
    0x0002d2d4   0x0002d2d4   0x00000008   Data   RO         3798    log_const_data      nrf_pwr_mgmt.o
    0x0002d2dc   0x0002d2dc   0x00000010   Data   RO         4126    log_const_data      nrf_log_frontend.o
    0x0002d2ec   0x0002d2ec   0x00000008   Data   RO         4613    log_const_data      nrf_sdh.o
    0x0002d2f4   0x0002d2f4   0x00000008   Data   RO         4731    log_const_data      nrf_sdh_ble.o
    0x0002d2fc   0x0002d2fc   0x00000008   Data   RO         4777    log_const_data      nrf_sdh_soc.o
    0x0002d304   0x0002d304   0x00000018   Data   RO         4128    nrf_balloc          nrf_log_frontend.o
    0x0002d31c   0x0002d31c   0x00000008   Data   RO         1010    sdh_ble_observers0  ble_conn_state.o
    0x0002d324   0x0002d324   0x00000010   Data   RO           24    sdh_ble_observers1  main.o
    0x0002d334   0x0002d334   0x00000008   Data   RO          674    sdh_ble_observers1  bsp_btn_ble.o
    0x0002d33c   0x0002d33c   0x00000008   Data   RO          926    sdh_ble_observers1  ble_conn_params.o
    0x0002d344   0x0002d344   0x00000010   Data   RO           25    sdh_ble_observers2  main.o
    0x0002d354   0x0002d354   0x00000008   Data   RO           26    sdh_ble_observers3  main.o
    0x0002d35c   0x0002d35c   0x00000008   Data   RO         3618    sdh_req_observers0  nrf_fstorage_sd.o
    0x0002d364   0x0002d364   0x00000008   Data   RO         1467    sdh_soc_observers0  nrf_drv_clock.o
    0x0002d36c   0x0002d36c   0x00000008   Data   RO         3619    sdh_soc_observers0  nrf_fstorage_sd.o
    0x0002d374   0x0002d374   0x00000008   Data   RO           27    sdh_soc_observers1  main.o
    0x0002d37c   0x0002d37c   0x00000008   Data   RO         4733    sdh_stack_observers0  nrf_sdh_ble.o
    0x0002d384   0x0002d384   0x00000008   Data   RO         4779    sdh_stack_observers0  nrf_sdh_soc.o
    0x0002d38c   0x0002d38c   0x00000008   Data   RO         1468    sdh_state_observers0  nrf_drv_clock.o
    0x0002d394   0x0002d394   0x00000008   Data   RO         3620    sdh_state_observers0  nrf_fstorage_sd.o


    Execution Region RW_IRAM1 (Exec base: 0x20002a98, Load base: 0x0002d39c, Size: 0x000031f8, Max: 0x0000d568, ABSOLUTE, COMPRESSED[0x00000058])

    Exec Addr    Load Addr    Size         Type   Attr      Idx    E Section Name        Object

    0x20002a98   COMPRESSED   0x00000008   Data   RW           21    .data               main.o
    0x20002aa0   COMPRESSED   0x00000028   Data   RW           22    .data               main.o
    0x20002ac8   COMPRESSED   0x00000004   Data   RW           23    .data               main.o
    0x20002acc   COMPRESSED   0x00000010   Data   RW          572    .data               bsp.o
    0x20002adc   COMPRESSED   0x00000008   Data   RW          673    .data               bsp_btn_ble.o
    0x20002ae4   COMPRESSED   0x00000008   Data   RW          925    .data               ble_conn_params.o
    0x20002aec   COMPRESSED   0x0000000c   Data   RW         1588    .data               nrf_drv_uart.o
    0x20002af8   COMPRESSED   0x00000008   Data   RW         1655    .data               nrfx_clock.o
    0x20002b00   COMPRESSED   0x00000008   Data   RW         2074    .data               nrfx_prs.o
    0x20002b08   COMPRESSED   0x00000020   Data   RW         2467    .data               app_button.o
    0x20002b28   COMPRESSED   0x00000014   Data   RW         2779    .data               app_timer.o
    0x20002b3c   COMPRESSED   0x0000001c   Data   RW         2934    .data               app_uart_fifo.o
    0x20002b58   COMPRESSED   0x00000014   Data   RW         3614    .data               nrf_fstorage_sd.o
    0x20002b6c   COMPRESSED   0x00000008   Data   RW         3615    .data               nrf_fstorage_sd.o
    0x20002b74   COMPRESSED   0x00000008   Data   RW         3797    .data               nrf_pwr_mgmt.o
    0x20002b7c   COMPRESSED   0x00000004   Data   RW         3928    .data               retarget.o
    0x20002b80   COMPRESSED   0x00000001   Data   RW         3972    .data               nrf_log_backend_rtt.o
    0x20002b81   COMPRESSED   0x00000003   PAD
    0x20002b84   COMPRESSED   0x0000000c   Data   RW         4062    .data               nrf_log_default_backends.o
    0x20002b90   COMPRESSED   0x00000008   Data   RW         4124    .data               nrf_log_frontend.o
    0x20002b98   COMPRESSED   0x00000008   Data   RW         4125    .data               nrf_log_frontend.o
    0x20002ba0   COMPRESSED   0x00000040   Data   RW         4287    .data               nrf_log_str_formatter.o
    0x20002be0   COMPRESSED   0x00000003   Data   RW         4612    .data               nrf_sdh.o
    0x20002be3   COMPRESSED   0x00000001   Data   RW         4730    .data               nrf_sdh_ble.o
    0x20002be4   COMPRESSED   0x00000004   Data   RW         4814    .data               system_nrf52.o
    0x20002be8   COMPRESSED   0x00000004   Data   RW         1249    log_dynamic_data    nrf_ble_gatt.o
    0x20002bec   COMPRESSED   0x00000004   Data   RW         1387    log_dynamic_data    ble_nus.o
    0x20002bf0   COMPRESSED   0x00000004   Data   RW         1466    log_dynamic_data    nrf_drv_clock.o
    0x20002bf4   COMPRESSED   0x00000004   Data   RW         1657    log_dynamic_data    nrfx_clock.o
    0x20002bf8   COMPRESSED   0x00000004   Data   RW         1815    log_dynamic_data    nrfx_gpiote.o
    0x20002bfc   COMPRESSED   0x00000004   Data   RW         2076    log_dynamic_data    nrfx_prs.o
    0x20002c00   COMPRESSED   0x00000004   Data   RW         2152    log_dynamic_data    nrfx_uart.o
    0x20002c04   COMPRESSED   0x00000004   Data   RW         2335    log_dynamic_data    nrfx_uarte.o
    0x20002c08   COMPRESSED   0x00000004   Data   RW         3525    log_dynamic_data    nrf_fstorage.o
    0x20002c0c   COMPRESSED   0x00000004   Data   RW         3617    log_dynamic_data    nrf_fstorage_sd.o
    0x20002c10   COMPRESSED   0x00000004   Data   RW         3799    log_dynamic_data    nrf_pwr_mgmt.o
    0x20002c14   COMPRESSED   0x00000008   Data   RW         4127    log_dynamic_data    nrf_log_frontend.o
    0x20002c1c   COMPRESSED   0x00000004   Data   RW         4614    log_dynamic_data    nrf_sdh.o
    0x20002c20   COMPRESSED   0x00000004   Data   RW         4732    log_dynamic_data    nrf_sdh_ble.o
    0x20002c24   COMPRESSED   0x00000004   Data   RW         4778    log_dynamic_data    nrf_sdh_soc.o
    0x20002c28        -       0x000004c0   Zero   RW           19    .bss                main.o
    0x200030e8        -       0x00000020   Zero   RW          567    .bss                bsp.o
    0x20003108        -       0x00000020   Zero   RW          568    .bss                bsp.o
    0x20003128        -       0x0000000c   Zero   RW          569    .bss                bsp.o
    0x20003134        -       0x00000020   Zero   RW          570    .bss                bsp.o
    0x20003154        -       0x00000050   Zero   RW          924    .bss                ble_conn_params.o
    0x200031a4        -       0x00000078   Zero   RW         1009    .bss                ble_conn_state.o
    0x2000321c        -       0x00000014   Zero   RW         1459    .bss                nrf_drv_clock.o
    0x20003230        -       0x0000005c   Zero   RW         1808    .bss                nrfx_gpiote.o
    0x2000328c        -       0x0000002c   Zero   RW         2145    .bss                nrfx_uart.o
    0x200032b8        -       0x00000024   Zero   RW         2328    .bss                nrfx_uarte.o
    0x200032dc        -       0x00000020   Zero   RW         2465    .bss                app_button.o
    0x200032fc        -       0x0000010c   Zero   RW         2777    .bss                app_timer.o
    0x20003408        -       0x00000020   Zero   RW         2932    .bss                app_uart_fifo.o
    0x20003428        -       0x0000000c   Zero   RW         3013    .bss                app_util_platform.o
    0x20003434        -       0x000000a0   Zero   RW         3610    .bss                nrf_fstorage_sd.o
    0x200034d4        -       0x0000000c   Zero   RW         3793    .bss                nrf_pwr_mgmt.o
    0x200034e0        -       0x00000040   Zero   RW         3969    .bss                nrf_log_backend_rtt.o
    0x20003520        -       0x000000c0   Zero   RW         4121    .bss                nrf_log_frontend.o
    0x200035e0        -       0x00000424   Zero   RW         4122    .bss                nrf_log_frontend.o
    0x20003a04        -       0x00000288   Zero   RW         4363    .bss                segger_rtt.o
    0x20003c8c   COMPRESSED   0x00000004   PAD
    0x20003c90        -       0x00002000   Zero   RW         4802    STACK               arm_startup_nrf52.o


==============================================================================

Image component sizes


      Code (inc. data)   RO Data    RW Data    ZI Data      Debug   Object Name

       440         36          8         32         32      12910   app_button.o
        22          0          0          0          0       2421   app_error.o
       124         40          0          0          0      30501   app_error_weak.o
       118          0          0          0          0       4894   app_fifo.o
      1506        118          6         20        268      48075   app_timer.o
       524         60         32         28         32      20854   app_uart_fifo.o
       124         14          0          0         12       9370   app_util_platform.o
        36          8        512          0       8192        912   arm_startup_nrf52.o
      1314          0          0          0          0      37916   ble_advdata.o
      1116          6          0          0          0      12968   ble_advertising.o
       636         44          8          8         80       9103   ble_conn_params.o
       360         10          8          0        120       6715   ble_conn_state.o
        72          0          0          0          0       1620   ble_link_ctx_manager.o
       920          4         32          4          0       8712   ble_nus.o
         8          0          0          0          0       1422   ble_srv_common.o
       358         40          8          0          0      47455   boards.o
       982         82         44         16        108      15119   bsp.o
       252         10          8          8          0       4708   bsp_btn_ble.o
      1896        542         80         52       1216     168382   main.o
       244          0          0          0          0       5581   nrf_atfifo.o
        64          0          0          0          0       2900   nrf_atflags.o
       306          0          0          0          0       7871   nrf_atomic.o
       164          0          0          0          0       3580   nrf_balloc.o
       922        254        205          4          0      36798   nrf_ble_gatt.o
       276          0          0          0          0       4613   nrf_ble_qwr.o
       276         34         30          4         20      37518   nrf_drv_clock.o
       200         26          0         12          0      17528   nrf_drv_uart.o
        50          0          0          0          0       3465   nrf_fprintf.o
       850          4         16          0          0       5398   nrf_fprintf_format.o
        80         10         21          4          0       2608   nrf_fstorage.o
       484         42         62         32        160       9553   nrf_fstorage_sd.o
       112         18         18          1         64       5709   nrf_log_backend_rtt.o
       200          0          0          0          0      10735   nrf_log_backend_serial.o
        28          6          0         12          0       3126   nrf_log_default_backends.o
      1490        118         64         24       1252      29621   nrf_log_frontend.o
       566        108        102         64          0       5700   nrf_log_str_formatter.o
       330          0          0          0          0       9475   nrf_memobj.o
        40         12         53         12         12       4429   nrf_pwr_mgmt.o
       660         60        104          7          0      43144   nrf_sdh.o
       756        224        539          5          0       5925   nrf_sdh_ble.o
        60          4         56          4          0       2532   nrf_sdh_soc.o
        78          0          0          0          0       2720   nrf_section_iter.o
        76         10       1319          0          0       2679   nrf_strerror.o
       222         28         14         12          0      41112   nrfx_clock.o
      1226         92         19          4         92      58254   nrfx_gpiote.o
        94         16         12         12          0       3761   nrfx_prs.o
      1362         36         17          4         44      30894   nrfx_uart.o
      1200         38         18          4         36      23545   nrfx_uarte.o
        14          0          0          4          0       2826   retarget.o
       438         40          0          0        648       9732   segger_rtt.o
       900          6         16          0          0       6333   segger_rtt_printf.o
       796         70          0          4          0       2895   system_nrf52.o

    ----------------------------------------------------------------------
     25426       2270       3508        400      12392     886617   Object Totals
         0          0         32          0          0          0   (incl. Generated)
        54          0         45          3          4          0   (incl. Padding)

    ----------------------------------------------------------------------

      Code (inc. data)   RO Data    RW Data    ZI Data      Debug   Library Member Name

        86          0          0          0          0          0   __dczerorl2.o
         8          4        133          0          0         68   ctype_o.o
         0          0          0          0          0          0   entry.o
         0          0          0          0          0          0   entry10a.o
         0          0          0          0          0          0   entry11a.o
         8          4          0          0          0          0   entry2.o
         4          0          0          0          0          0   entry5.o
         0          0          0          0          0          0   entry7b.o
         0          0          0          0          0          0   entry8b.o
         8          4          0          0          0          0   entry9a.o
        30          0          0          0          0          0   handlers.o
        36          8          0          0          0         68   init.o
        30          0          0          0          0         68   llshl.o
        32          0          0          0          0         68   llushr.o
        36          0          0          0          0         68   memcpya.o
        36          0          0          0          0        108   memseta.o
        50          8          0          0          0        152   printfb.o
        28          0          0          0          0         76   strcmp.o
        18          0          0          0          0         68   strcpy.o
        14          0          0          0          0         68   strlen.o
        98          0          0          0          0         92   uldiv.o

    ----------------------------------------------------------------------
       526         28        136          0          0        904   Library Totals
         4          0          3          0          0          0   (incl. Padding)

    ----------------------------------------------------------------------

      Code (inc. data)   RO Data    RW Data    ZI Data      Debug   Library Name

       522         28        133          0          0        904   mc_w.l

    ----------------------------------------------------------------------
       526         28        136          0          0        904   Library Totals

    ----------------------------------------------------------------------

==============================================================================


      Code (inc. data)   RO Data    RW Data    ZI Data      Debug   

     25952       2298       3644        400      12392     857341   Grand Totals
     25952       2298       3644         88      12392     857341   ELF Image Totals (compressed)
     25952       2298       3644         88          0          0   ROM Totals

==============================================================================

    Total RO  Size (Code + RO Data)                29596 (  28.90kB)
    Total RW  Size (RW Data + ZI Data)             12792 (  12.49kB)
    Total ROM Size (Code + RO Data + RW Data)      29684 (  28.99kB)

==============================================================================

